Component: ARM Compiler 5.06 update 6 (build 750) Tool: armlink [4d35ed]

==============================================================================

Section Cross References

    startup_stm32f103xb.o(RESET) refers to startup_stm32f103xb.o(STACK) for __initial_sp
    startup_stm32f103xb.o(RESET) refers to startup_stm32f103xb.o(.text) for Reset_Handler
    startup_stm32f103xb.o(RESET) refers to stm32f1xx_it.o(i.NMI_Handler) for NMI_Handler
    startup_stm32f103xb.o(RESET) refers to stm32f1xx_it.o(i.HardFault_Handler) for HardFault_Handler
    startup_stm32f103xb.o(RESET) refers to stm32f1xx_it.o(i.MemManage_Handler) for MemManage_Handler
    startup_stm32f103xb.o(RESET) refers to stm32f1xx_it.o(i.BusFault_Handler) for BusFault_Handler
    startup_stm32f103xb.o(RESET) refers to stm32f1xx_it.o(i.UsageFault_Handler) for UsageFault_Handler
    startup_stm32f103xb.o(RESET) refers to stm32f1xx_it.o(i.SVC_Handler) for SVC_Handler
    startup_stm32f103xb.o(RESET) refers to stm32f1xx_it.o(i.DebugMon_Handler) for DebugMon_Handler
    startup_stm32f103xb.o(RESET) refers to stm32f1xx_it.o(i.PendSV_Handler) for PendSV_Handler
    startup_stm32f103xb.o(RESET) refers to stm32f1xx_it.o(i.SysTick_Handler) for SysTick_Handler
    startup_stm32f103xb.o(RESET) refers to timer.o(i.TIM2_IRQHandler) for TIM2_IRQHandler
    startup_stm32f103xb.o(RESET) refers to timer.o(i.TIM3_IRQHandler) for TIM3_IRQHandler
    startup_stm32f103xb.o(RESET) refers to timer.o(i.TIM4_IRQHandler) for TIM4_IRQHandler
    startup_stm32f103xb.o(RESET) refers to usart.o(i.USART1_IRQHandler) for USART1_IRQHandler
    startup_stm32f103xb.o(RESET) refers to usart.o(i.USART2_IRQHandler) for USART2_IRQHandler
    startup_stm32f103xb.o(RESET) refers to usart.o(i.USART3_IRQHandler) for USART3_IRQHandler
    startup_stm32f103xb.o(.text) refers to system_stm32f1xx.o(i.SystemInit) for SystemInit
    startup_stm32f103xb.o(.text) refers to entry.o(.ARM.Collect$$$$00000000) for __main
    main.o(i.main) refers to stm32f1xx_hal.o(i.HAL_Init) for HAL_Init
    main.o(i.main) refers to sys.o(i.SystemClock_Config) for SystemClock_Config
    main.o(i.main) refers to delay.o(i.delay_init) for delay_init
    main.o(i.main) refers to iic.o(i.MX_IIC_Init) for MX_IIC_Init
    main.o(i.main) refers to usart.o(i.Uart_Init) for Uart_Init
    main.o(i.main) refers to adc.o(i.MX_ADC_Init) for MX_ADC_Init
    main.o(i.main) refers to spi.o(i.MX_SPIx_Init) for MX_SPIx_Init
    main.o(i.main) refers to timer.o(i.MX_TIMx_Init) for MX_TIMx_Init
    main.o(i.main) refers to init.o(i.MX_Hard_Init) for MX_Hard_Init
    main.o(i.main) refers to esp8266.o(i.UsartSendReceiveData) for UsartSendReceiveData
    main.o(i.main) refers to esp8266.o(i.UsartReceive) for UsartReceive
    main.o(i.main) refers to keypad.o(i.Keypad_Handle) for Keypad_Handle
    main.o(i.main) refers to keypad.o(i.addnum) for addnum
    main.o(i.main) refers to keypad.o(i.redycenum) for redycenum
    main.o(i.main) refers to keypad.o(i.Display) for Display
    main.o(i.main) refers to keypad.o(i.DISplaysetvalue) for DISplaysetvalue
    main.o(i.main) refers to keypad.o(i.CotorFun) for CotorFun
    stm32f1xx_it.o(i.SysTick_Handler) refers to stm32f1xx_hal.o(i.HAL_IncTick) for HAL_IncTick
    stm32f1xx_hal_msp.o(i.HAL_UART_MspDeInit) refers to stm32f1xx_hal_gpio.o(i.HAL_GPIO_DeInit) for HAL_GPIO_DeInit
    stm32f1xx_hal_adc.o(i.ADC_ConversionStop_Disable) refers to stm32f1xx_hal.o(i.HAL_GetTick) for HAL_GetTick
    stm32f1xx_hal_adc.o(i.ADC_DMAConvCplt) refers to stm32f1xx_hal_adc.o(i.HAL_ADC_ConvCpltCallback) for HAL_ADC_ConvCpltCallback
    stm32f1xx_hal_adc.o(i.ADC_DMAError) refers to stm32f1xx_hal_adc.o(i.HAL_ADC_ErrorCallback) for HAL_ADC_ErrorCallback
    stm32f1xx_hal_adc.o(i.ADC_DMAHalfConvCplt) refers to stm32f1xx_hal_adc.o(i.HAL_ADC_ConvHalfCpltCallback) for HAL_ADC_ConvHalfCpltCallback
    stm32f1xx_hal_adc.o(i.ADC_Enable) refers to stm32f1xx_hal.o(i.HAL_GetTick) for HAL_GetTick
    stm32f1xx_hal_adc.o(i.ADC_Enable) refers to system_stm32f1xx.o(.data) for SystemCoreClock
    stm32f1xx_hal_adc.o(i.HAL_ADC_ConfigChannel) refers to system_stm32f1xx.o(.data) for SystemCoreClock
    stm32f1xx_hal_adc.o(i.HAL_ADC_DeInit) refers to stm32f1xx_hal_adc.o(i.ADC_ConversionStop_Disable) for ADC_ConversionStop_Disable
    stm32f1xx_hal_adc.o(i.HAL_ADC_DeInit) refers to adc.o(i.HAL_ADC_MspDeInit) for HAL_ADC_MspDeInit
    stm32f1xx_hal_adc.o(i.HAL_ADC_IRQHandler) refers to stm32f1xx_hal_adc.o(i.HAL_ADC_ConvCpltCallback) for HAL_ADC_ConvCpltCallback
    stm32f1xx_hal_adc.o(i.HAL_ADC_IRQHandler) refers to stm32f1xx_hal_adc_ex.o(i.HAL_ADCEx_InjectedConvCpltCallback) for HAL_ADCEx_InjectedConvCpltCallback
    stm32f1xx_hal_adc.o(i.HAL_ADC_IRQHandler) refers to stm32f1xx_hal_adc.o(i.HAL_ADC_LevelOutOfWindowCallback) for HAL_ADC_LevelOutOfWindowCallback
    stm32f1xx_hal_adc.o(i.HAL_ADC_Init) refers to adc.o(i.HAL_ADC_MspInit) for HAL_ADC_MspInit
[...]
    .text                                    0x08000ad0   Section        0  __dczerorl2.o(.text)
    i.ADC_ConversionStop_Disable             0x08000b26   Section        0  stm32f1xx_hal_adc.o(i.ADC_ConversionStop_Disable)
    i.ADC_Enable                             0x08000b7c   Section        0  stm32f1xx_hal_adc.o(i.ADC_Enable)
    i.BEEP_DOING                             0x08000bf4   Section        0  init.o(i.BEEP_DOING)
    i.BusFault_Handler                       0x08000c1c   Section        0  stm32f1xx_it.o(i.BusFault_Handler)
    i.CotorFun                               0x08000c20   Section        0  keypad.o(i.CotorFun)
    i.DISplaysetvalue                        0x08000cbc   Section        0  keypad.o(i.DISplaysetvalue)
    i.DebugMon_Handler                       0x08000db8   Section        0  stm32f1xx_it.o(i.DebugMon_Handler)
    i.Display                                0x08000dbc   Section        0  keypad.o(i.Display)
    i.ESP8266_Clear                          0x08000ed0   Section        0  esp8266.o(i.ESP8266_Clear)
    i.ESP8266_GetIPD                         0x08000eec   Section        0  esp8266.o(i.ESP8266_GetIPD)
    i.ESP8266_Init                           0x08000f2c   Section        0  esp8266.o(i.ESP8266_Init)
    i.ESP8266_SendCmd                        0x08000fd4   Section        0  esp8266.o(i.ESP8266_SendCmd)
    i.ESP8266_SendData                       0x08001018   Section        0  esp8266.o(i.ESP8266_SendData)
    i.ESP8266_WaitRecive                     0x08001064   Section        0  esp8266.o(i.ESP8266_WaitRecive)
    i.Error_Handler                          0x08001088   Section        0  main.o(i.Error_Handler)
    i.GPIO_BEEP_Init                         0x0800108c   Section        0  init.o(i.GPIO_BEEP_Init)
    i.GPIO_RELAY_Init                        0x080010c8   Section        0  init.o(i.GPIO_RELAY_Init)
    i.Get_Adc2                               0x0800116c   Section        0  adc.o(i.Get_Adc2)
    i.Get_voltage                            0x0800118c   Section        0  volme.o(i.Get_voltage)
    i.HAL_ADCEx_Calibration_Start            0x080011d8   Section        0  stm32f1xx_hal_adc_ex.o(i.HAL_ADCEx_Calibration_Start)
    i.HAL_ADC_ConfigChannel                  0x080012b0   Section        0  stm32f1xx_hal_adc.o(i.HAL_ADC_ConfigChannel)
    i.HAL_ADC_GetValue                       0x080013ac   Section        0  stm32f1xx_hal_adc.o(i.HAL_ADC_GetValue)
    i.HAL_ADC_Init                           0x080013b4   Section        0  stm32f1xx_hal_adc.o(i.HAL_ADC_Init)
    i.HAL_ADC_MspInit                        0x080014d0   Section        0  adc.o(i.HAL_ADC_MspInit)
    i.HAL_ADC_PollForConversion              0x08001558   Section        0  stm32f1xx_hal_adc.o(i.HAL_ADC_PollForConversion)
    i.HAL_ADC_Start                          0x08001694   Section        0  stm32f1xx_hal_adc.o(i.HAL_ADC_Start)
    i.HAL_DMA_Abort                          0x08001754   Section        0  stm32f1xx_hal_dma.o(i.HAL_DMA_Abort)
    i.HAL_DMA_Abort_IT                       0x0800179c   Section        0  stm32f1xx_hal_dma.o(i.HAL_DMA_Abort_IT)
    i.HAL_Delay                              0x08001834   Section        0  stm32f1xx_hal.o(i.HAL_Delay)
    i.HAL_GPIO_Init                          0x08001858   Section        0  stm32f1xx_hal_gpio.o(i.HAL_GPIO_Init)
    i.HAL_GPIO_ReadPin                       0x08001a24   Section        0  stm32f1xx_hal_gpio.o(i.HAL_GPIO_ReadPin)
    i.HAL_GPIO_WritePin                      0x08001a2e   Section        0  stm32f1xx_hal_gpio.o(i.HAL_GPIO_WritePin)
    i.HAL_GetTick                            0x08001a38   Section        0  stm32f1xx_hal.o(i.HAL_GetTick)
    i.HAL_IncTick                            0x08001a44   Section        0  stm32f1xx_hal.o(i.HAL_IncTick)
    i.HAL_Init                               0x08001a54   Section        0  stm32f1xx_hal.o(i.HAL_Init)
    i.HAL_InitTick                           0x08001a78   Section        0  stm32f1xx_hal.o(i.HAL_InitTick)
    i.HAL_MspInit                            0x08001ab8   Section        0  stm32f1xx_hal_msp.o(i.HAL_MspInit)
    i.HAL_NVIC_EnableIRQ                     0x08001af4   Section        0  stm32f1xx_hal_cortex.o(i.HAL_NVIC_EnableIRQ)
    i.HAL_NVIC_SetPriority                   0x08001b10   Section        0  stm32f1xx_hal_cortex.o(i.HAL_NVIC_SetPriority)
    i.HAL_NVIC_SetPriorityGrouping           0x08001b50   Section        0  stm32f1xx_hal_cortex.o(i.HAL_NVIC_SetPriorityGrouping)
    i.HAL_RCCEx_GetPeriphCLKFreq             0x08001b74   Section        0  stm32f1xx_hal_rcc_ex.o(i.HAL_RCCEx_GetPeriphCLKFreq)
    i.HAL_RCCEx_PeriphCLKConfig              0x08001c18   Section        0  stm32f1xx_hal_rcc_ex.o(i.HAL_RCCEx_PeriphCLKConfig)
    i.HAL_RCC_ClockConfig                    0x08001d00   Section        0  stm32f1xx_hal_rcc.o(i.HAL_RCC_ClockConfig)
    i.HAL_RCC_GetPCLK1Freq                   0x08001e38   Section        0  stm32f1xx_hal_rcc.o(i.HAL_RCC_GetPCLK1Freq)
    i.HAL_RCC_GetPCLK2Freq                   0x08001e58   Section        0  stm32f1xx_hal_rcc.o(i.HAL_RCC_GetPCLK2Freq)
    i.HAL_RCC_GetSysClockFreq                0x08001e78   Section        0  stm32f1xx_hal_rcc.o(i.HAL_RCC_GetSysClockFreq)
    i.HAL_RCC_OscConfig                      0x08001ec4   Section        0  stm32f1xx_hal_rcc.o(i.HAL_RCC_OscConfig)
    i.HAL_SPI_Init                           0x080021dc   Section        0  stm32f1xx_hal_spi.o(i.HAL_SPI_Init)
    i.HAL_SPI_MspInit                        0x08002290   Section        0  spi.o(i.HAL_SPI_MspInit)
    i.HAL_SYSTICK_CLKSourceConfig            0x08002390   Section        0  stm32f1xx_hal_cortex.o(i.HAL_SYSTICK_CLKSourceConfig)
    i.HAL_SYSTICK_Config                     0x080023a8   Section        0  stm32f1xx_hal_cortex.o(i.HAL_SYSTICK_Config)
    i.HAL_TIMEx_BreakCallback                0x080023d0   Section        0  stm32f1xx_hal_tim_ex.o(i.HAL_TIMEx_BreakCallback)
    i.HAL_TIMEx_CommutCallback               0x080023d2   Section        0  stm32f1xx_hal_tim_ex.o(i.HAL_TIMEx_CommutCallback)
    i.HAL_TIM_Base_Init                      0x080023d4   Section        0  stm32f1xx_hal_tim.o(i.HAL_TIM_Base_Init)
    i.HAL_TIM_Base_MspInit                   0x08002430   Section        0  timer.o(i.HAL_TIM_Base_MspInit)
    i.HAL_TIM_Base_Start_IT                  0x080024ec   Section        0  stm32f1xx_hal_tim.o(i.HAL_TIM_Base_Start_IT)
    i.HAL_TIM_Base_Stop_IT                   0x08002544   Section        0  stm32f1xx_hal_tim.o(i.HAL_TIM_Base_Stop_IT)
    i.HAL_TIM_IC_CaptureCallback             0x08002574   Section        0  stm32f1xx_hal_tim.o(i.HAL_TIM_IC_CaptureCallback)
    i.HAL_TIM_IRQHandler                     0x08002576   Section        0  stm32f1xx_hal_tim.o(i.HAL_TIM_IRQHandler)
    i.HAL_TIM_OC_DelayElapsedCallback        0x080026a6   Section        0  stm32f1xx_hal_tim.o(i.HAL_TIM_OC_DelayElapsedCallback)
    i.HAL_TIM_PWM_PulseFinishedCallback      0x080026a8   Section        0  stm32f1xx_hal_tim.o(i.HAL_TIM_PWM_PulseFinishedCallback)
    i.HAL_TIM_PeriodElapsedCallback          0x080026ac   Section        0  timer.o(i.HAL_TIM_PeriodElapsedCallback)
    i.HAL_TIM_TriggerCallback                0x080026e0   Section        0  stm32f1xx_hal_tim.o(i.HAL_TIM_TriggerCallback)
    i.HAL_UARTEx_RxEventCallback             0x080026e2   Section        0  stm32f1xx_hal_uart.o(i.HAL_UARTEx_RxEventCallback)
    i.HAL_UART_ErrorCallback                 0x080026e4   Section        0  stm32f1xx_hal_uart.o(i.HAL_UART_ErrorCallback)
    i.HAL_UART_IRQHandler                    0x080026e8   Section        0  stm32f1xx_hal_uart.o(i.HAL_UART_IRQHandler)
    i.HAL_UART_Init                          0x08002954   Section        0  stm32f1xx_hal_uart.o(i.HAL_UART_Init)
    i.HAL_UART_MspInit                       0x080029b8   Section        0  usart.o(i.HAL_UART_MspInit)
    i.HAL_UART_Receive_IT                    0x08002a34   Section        0  stm32f1xx_hal_uart.o(i.HAL_UART_Receive_IT)
    i.HAL_UART_RxCpltCallback                0x08002a50   Section        0  usart.o(i.HAL_UART_RxCpltCallback)
    i.HAL_UART_Transmit                      0x08002a8c   Section        0  stm32f1xx_hal_uart.o(i.HAL_UART_Transmit)
    i.HAL_UART_TxCpltCallback                0x08002b2c   Section        0  stm32f1xx_hal_uart.o(i.HAL_UART_TxCpltCallback)
    i.HardFault_Handler                      0x08002b2e   Section        0  stm32f1xx_it.o(i.HardFault_Handler)
    i.I2C_Ack                                0x08002b30   Section        0  iic.o(i.I2C_Ack)
    i.I2C_NoAck                              0x08002b5c   Section        0  iic.o(i.I2C_NoAck)
    i.I2C_ReceiveByte                        0x08002b88   Section        0  iic.o(i.I2C_ReceiveByte)
    i.I2C_SendByte                           0x08002bd2   Section        0  iic.o(i.I2C_SendByte)
    i.I2C_Start                              0x08002c1e   Section        0  iic.o(i.I2C_Start)
    i.I2C_Stop                               0x08002c52   Section        0  iic.o(i.I2C_Stop)
    i.I2C_WaitAck                            0x08002c80   Section        0  iic.o(i.I2C_WaitAck)
    i.IIC_Read_Device_2Byte_Len              0x08002cc2   Section        0  iic.o(i.IIC_Read_Device_2Byte_Len)
    i.IIC_Write_Device_2Byte                 0x08002d98   Section        0  iic.o(i.IIC_Write_Device_2Byte)
    i.IIC_Write_Device_Byte                  0x08002e46   Section        0  iic.o(i.IIC_Write_Device_Byte)
    i.INA219_ReadCurrentRaw                  0x08002ed4   Section        0  ina219.o(i.INA219_ReadCurrentRaw)
    i.INA219_ReadCurrent_mA                  0x08002edc   Section        0  ina219.o(i.INA219_ReadCurrent_mA)
    i.INA219_ReadDataForRegister_16Bits      0x08002f04   Section        0  ina219.o(i.INA219_ReadDataForRegister_16Bits)
    i.INA219_SetCalibration                  0x08002f30   Section        0  ina219.o(i.INA219_SetCalibration)
    i.INA219_SetCalibration_16V_8A           0x08002f38   Section        0  ina219.o(i.INA219_SetCalibration_16V_8A)
    i.INA219_SetConfig                       0x08002f70   Section        0  ina219.o(i.INA219_SetConfig)
    i.INA219_WriteDataToRegister_16Bits      0x08002f78   Section        0  ina219.o(i.INA219_WriteDataToRegister_16Bits)
    i.INA219a_Init                           0x08002fa0   Section        0  ina219.o(i.INA219a_Init)
    i.Ina219SCLHi                            0x08002fa8   Section        0  iic.o(i.Ina219SCLHi)
    i.Ina219SCLLo                            0x08002fb8   Section        0  iic.o(i.Ina219SCLLo)
    i.Ina219SDAHi                            0x08002fc8   Section        0  iic.o(i.Ina219SDAHi)
    i.Ina219SDAIn                            0x08002fd8   Section        0  iic.o(i.Ina219SDAIn)
    i.Ina219SDALo                            0x08002fe4   Section        0  iic.o(i.Ina219SDALo)
    i.KEY_Init                               0x08002ff4   Section        0  keypad.o(i.KEY_Init)
    i.Keypad_Handle                          0x08003088   Section        0  keypad.o(i.Keypad_Handle)
    i.MX_ADC_Init                            0x0800308c   Section        0  adc.o(i.MX_ADC_Init)
    i.MX_Hard_Init                           0x0800310c   Section        0  init.o(i.MX_Hard_Init)
    i.MX_IIC_Init                            0x08003130   Section        0  iic.o(i.MX_IIC_Init)
    i.MX_SPI2_Init                           0x0800324c   Section        0  spi.o(i.MX_SPI2_Init)
    i.MX_SPIx_Init                           0x080032ac   Section        0  spi.o(i.MX_SPIx_Init)
    i.MX_TIMx_Init                           0x080032b0   Section        0  timer.o(i.MX_TIMx_Init)
    i.MemManage_Handler                      0x080032bc   Section        0  stm32f1xx_it.o(i.MemManage_Handler)
    i.NMI_Handler                            0x080032be   Section        0  stm32f1xx_it.o(i.NMI_Handler)
    i.OLED_CLS                               0x080032c0   Section        0  sd1306.o(i.OLED_CLS)
    i.OLED_Fill                              0x080032c6   Section        0  sd1306.o(i.OLED_Fill)
    i.OLED_Init                              0x080032fc   Section        0  sd1306.o(i.OLED_Init)
    i.OLED_SetPos                            0x080033aa   Section        0  sd1306.o(i.OLED_SetPos)
    i.OLED_ShowCN                            0x080033d0   Section        0  sd1306.o(i.OLED_ShowCN)
    i.OLED_ShowStr                           0x0800342c   Section        0  sd1306.o(i.OLED_ShowStr)
    i.PendSV_Handler                         0x0800351c   Section        0  stm32f1xx_it.o(i.PendSV_Handler)
    i.Process_Button_Events                  0x08003520   Section        0  keypad.o(i.Process_Button_Events)
    i.ReceiveData_                           0x08003590   Section        0  esp8266.o(i.ReceiveData_)
    i.SVC_Handler                            0x080035ea   Section        0  stm32f1xx_it.o(i.SVC_Handler)
    i.SysTick_Handler                        0x080035ec   Section        0  stm32f1xx_it.o(i.SysTick_Handler)
    i.SystemClock_Config                     0x080035f0   Section        0  sys.o(i.SystemClock_Config)
    i.SystemInit                             0x08003662   Section        0  system_stm32f1xx.o(i.SystemInit)
    i.TIM2_IRQHandler                        0x08003664   Section        0  timer.o(i.TIM2_IRQHandler)
    i.TIM2_Init                              0x08003670   Section        0  timer.o(i.TIM2_Init)
    i.TIM3_IRQHandler                        0x080036a8   Section        0  timer.o(i.TIM3_IRQHandler)
    i.TIM4_IRQHandler                        0x080036b4   Section        0  timer.o(i.TIM4_IRQHandler)
    i.TIM_Base_SetConfig                     0x080036c0   Section        0  stm32f1xx_hal_tim.o(i.TIM_Base_SetConfig)
    i.UART_DMAAbortOnError                   0x08003738   Section        0  stm32f1xx_hal_uart.o(i.UART_DMAAbortOnError)
    UART_DMAAbortOnError                     0x08003739   Thumb Code    16  stm32f1xx_hal_uart.o(i.UART_DMAAbortOnError)
    i.UART_EndRxTransfer                     0x08003748   Section        0  stm32f1xx_hal_uart.o(i.UART_EndRxTransfer)
    UART_EndRxTransfer                       0x08003749   Thumb Code    78  stm32f1xx_hal_uart.o(i.UART_EndRxTransfer)
    i.UART_Receive_IT                        0x08003796   Section        0  stm32f1xx_hal_uart.o(i.UART_Receive_IT)
    UART_Receive_IT                          0x08003797   Thumb Code   194  stm32f1xx_hal_uart.o(i.UART_Receive_IT)
    i.UART_SetConfig                         0x08003858   Section        0  stm32f1xx_hal_uart.o(i.UART_SetConfig)
    UART_SetConfig                           0x08003859   Thumb Code   178  stm32f1xx_hal_uart.o(i.UART_SetConfig)
    i.UART_Setinit                           0x08003910   Section        0  usart.o(i.UART_Setinit)
    i.UART_Start_Receive_IT                  0x08003954   Section        0  stm32f1xx_hal_uart.o(i.UART_Start_Receive_IT)
    i.UART_WaitOnFlagUntilTimeout            0x0800398a   Section        0  stm32f1xx_hal_uart.o(i.UART_WaitOnFlagUntilTimeout)
    UART_WaitOnFlagUntilTimeout              0x0800398b   Thumb Code   112  stm32f1xx_hal_uart.o(i.UART_WaitOnFlagUntilTimeout)
    i.USART1_IRQHandler                      0x080039fc   Section        0  usart.o(i.USART1_IRQHandler)
    i.USART1_send                            0x08003a08   Section        0  usart.o(i.USART1_send)
    i.USART2_IRQHandler                      0x08003a1c   Section        0  usart.o(i.USART2_IRQHandler)
    i.USART3_IRQHandler                      0x08003a28   Section        0  usart.o(i.USART3_IRQHandler)
    i.Uart_Init                              0x08003a34   Section        0  usart.o(i.Uart_Init)
    i.UsageFault_Handler                     0x08003a40   Section        0  stm32f1xx_it.o(i.UsageFault_Handler)
    i.UsartReceive                           0x08003a44   Section        0  esp8266.o(i.UsartReceive)
    i.UsartSendReceiveData                   0x08003ae8   Section        0  esp8266.o(i.UsartSendReceiveData)
    i.Wavefiltering1                         0x08003b90   Section        0  algo.o(i.Wavefiltering1)
    i.WriteCmd                               0x08003c20   Section        0  sd1306.o(i.WriteCmd)
    i.WriteDat                               0x08003c40   Section        0  sd1306.o(i.WriteDat)
    i.__0sprintf                             0x08003c60   Section        0  printfa.o(i.__0sprintf)
    i.__NVIC_SetPriority                     0x08003c88   Section        0  stm32f1xx_hal_cortex.o(i.__NVIC_SetPriority)
    __NVIC_SetPriority                       0x08003c89   Thumb Code    32  stm32f1xx_hal_cortex.o(i.__NVIC_SetPriority)
    i.__aeabi_errno_addr                     0x08003ca8   Section        0  errno.o(i.__aeabi_errno_addr)
    i.__scatterload_copy                     0x08003cb0   Section       14  handlers.o(i.__scatterload_copy)
    i.__scatterload_null                     0x08003cbe   Section        2  handlers.o(i.__scatterload_null)
    i.__scatterload_zeroinit                 0x08003cc0   Section       14  handlers.o(i.__scatterload_zeroinit)
    i._fp_digits                             0x08003cd0   Section        0  printfa.o(i._fp_digits)
    _fp_digits                               0x08003cd1   Thumb Code   366  printfa.o(i._fp_digits)
    i._printf_core                           0x08003e54   Section        0  printfa.o(i._printf_core)
    _printf_core                             0x08003e55   Thumb Code  1744  printfa.o(i._printf_core)
    i._printf_post_padding                   0x08004530   Section        0  printfa.o(i._printf_post_padding)
    _printf_post_padding                     0x08004531   Thumb Code    36  printfa.o(i._printf_post_padding)
    i._printf_pre_padding                    0x08004554   Section        0  printfa.o(i._printf_pre_padding)
    _printf_pre_padding                      0x08004555   Thumb Code    46  printfa.o(i._printf_pre_padding)
    i._sputc                                 0x08004582   Section        0  printfa.o(i._sputc)
    _sputc                                   0x08004583   Thumb Code    10  printfa.o(i._sputc)
    i.addnum                                 0x0800458c   Section        0  keypad.o(i.addnum)
    i.delay_init                             0x080045e8   Section        0  delay.o(i.delay_init)
    i.delay_ms                               0x080045fc   Section        0  delay.o(i.delay_ms)
    i.delay_us                               0x08004616   Section        0  delay.o(i.delay_us)
    i.key_scan                               0x08004648   Section        0  keypad.o(i.key_scan)
    i.main                                   0x08004714   Section        0  main.o(i.main)
    i.redycenum                              0x08004770   Section        0  keypad.o(i.redycenum)
    i.sd1306sSCLHi                           0x08004818   Section        0  iic.o(i.sd1306sSCLHi)
    i.sd1306sSCLLo                           0x08004828   Section        0  iic.o(i.sd1306sSCLLo)
    i.sd1306sSDAHi                           0x08004838   Section        0  iic.o(i.sd1306sSDAHi)
    i.sd1306sSDAIn                           0x08004848   Section        0  iic.o(i.sd1306sSDAIn)
    i.sd1306sSDALo                           0x08004858   Section        0  iic.o(i.sd1306sSDALo)
    i.spi1_set_speed                         0x08004868   Section        0  spi.o(i.spi1_set_speed)
    i.spi2_set_speed                         0x0800489c   Section        0  spi.o(i.spi2_set_speed)
    .constdata                               0x080048d0   Section       18  stm32f1xx_hal_rcc.o(.constdata)
    aPredivFactorTable                       0x080048d0   Data           2  stm32f1xx_hal_rcc.o(.constdata)
    aPLLMULFactorTable                       0x080048d2   Data          16  stm32f1xx_hal_rcc.o(.constdata)
    .constdata                               0x080048e2   Section       18  stm32f1xx_hal_rcc_ex.o(.constdata)
    aPredivFactorTable                       0x080048e2   Data           2  stm32f1xx_hal_rcc_ex.o(.constdata)
    aPLLMULFactorTable                       0x080048e4   Data          16  stm32f1xx_hal_rcc_ex.o(.constdata)
    .constdata                               0x080048f4   Section       16  system_stm32f1xx.o(.constdata)
    .constdata                               0x08004904   Section        8  system_stm32f1xx.o(.constdata)
    .constdata                               0x0800490c   Section     2072  sd1306.o(.constdata)
    .constdata                               0x08005124   Section      129  ctype_o.o(.constdata)
    .constdata                               0x080051a8   Section        4  ctype_o.o(.constdata)
    table                                    0x080051a8   Data           4  ctype_o.o(.constdata)
    .data                                    0x20000000   Section       12  stm32f1xx_hal.o(.data)
    .data                                    0x2000000c   Section        4  system_stm32f1xx.o(.data)
    .data                                    0x20000010   Section        4  timer.o(.data)
    .data                                    0x20000014   Section        4  delay.o(.data)
    fac_us                                   0x20000014   Data           4  delay.o(.data)
    .data                                    0x20000018   Section       28  keypad.o(.data)
    key_up                                   0x2000001a   Data           1  keypad.o(.data)
    .data                                    0x20000034   Section        4  usart.o(.data)
    .data                                    0x20000038   Section     1856  sd1306.o(.data)
    .data                                    0x20000778   Section       12  ina219.o(.data)
    .data                                    0x20000784   Section        6  esp8266.o(.data)
    .data                                    0x2000078c   Section        4  errno.o(.data)
    _errno                                   0x2000078c   Data           4  errno.o(.data)
    .bss                                     0x20000790   Section       96  adc.o(.bss)
    .bss                                     0x200007f0   Section      264  spi.o(.bss)
    .bss                                     0x200008f8   Section      288  timer.o(.bss)
    .bss                                     0x20000a18   Section       16  keypad.o(.bss)
    .bss                                     0x20000a28   Section     1752  usart.o(.bss)
    tx_buf                                   0x20000a28   Data        1024  usart.o(.bss)
    .bss                                     0x20001100   Section       20  sd1306.o(.bss)
    .bss                                     0x20001114   Section       20  ina219.o(.bss)
    .bss                                     0x20001128   Section      204  volme.o(.bss)
    STACK                                    0x200011f8   Section     2560  startup_stm32f103xb.o(STACK)

    Global Symbols

    Symbol Name                              Value     Ov Type        Size  Object(Section)

    BuildAttributes$$THM_ISAv4$P$D$K$B$S$PE$A:L22UL41UL21$X:L11$S22US41US21$IEEE1$IW$USESV6$~STKCKD$USESV7$~SHL$OTIME$ROPI$EBA8$MICROLIB$REQ8$PRES8$EABIv2 0x00000000   Number         0  anon$$obj.o ABSOLUTE
    __ARM_use_no_argv                        0x00000000   Number         0  main.o ABSOLUTE
    _printf_a                                0x00000000   Number         0  stubs.o ABSOLUTE
    _printf_c                                0x00000000   Number         0  stubs.o ABSOLUTE
    _printf_charcount                        0x00000000   Number         0  stubs.o ABSOLUTE
    _printf_d                                0x00000000   Number         0  stubs.o ABSOLUTE
    _printf_e                                0x00000000   Number         0  stubs.o ABSOLUTE
    _printf_f                                0x00000000   Number         0  stubs.o ABSOLUTE
    _printf_flags                            0x00000000   Number         0  stubs.o ABSOLUTE
    _printf_fp_dec                           0x00000000   Number         0  stubs.o ABSOLUTE
    _printf_fp_hex                           0x00000000   Number         0  stubs.o ABSOLUTE
    _printf_g                                0x00000000   Number         0  stubs.o ABSOLUTE
    _printf_i                                0x00000000   Number         0  stubs.o ABSOLUTE
    _printf_int_dec                          0x00000000   Number         0  stubs.o ABSOLUTE
    _printf_l                                0x00000000   Number         0  stubs.o ABSOLUTE
    _printf_lc                               0x00000000   Number         0  stubs.o ABSOLUTE
    _printf_ll                               0x00000000   Number         0  stubs.o ABSOLUTE
    _printf_lld                              0x00000000   Number         0  stubs.o ABSOLUTE
    _printf_lli                              0x00000000   Number         0  stubs.o ABSOLUTE
    _printf_llo                              0x00000000   Number         0  stubs.o ABSOLUTE
    _printf_llu                              0x00000000   Number         0  stubs.o ABSOLUTE
    _printf_llx                              0x00000000   Number         0  stubs.o ABSOLUTE
    _printf_longlong_dec                     0x00000000   Number         0  stubs.o ABSOLUTE
    _printf_longlong_hex                     0x00000000   Number         0  stubs.o ABSOLUTE
    _printf_longlong_oct                     0x00000000   Number         0  stubs.o ABSOLUTE
    _printf_ls                               0x00000000   Number         0  stubs.o ABSOLUTE
    _printf_mbtowc                           0x00000000   Number         0  stubs.o ABSOLUTE
    _printf_n                                0x00000000   Number         0  stubs.o ABSOLUTE
    _printf_o                                0x00000000   Number         0  stubs.o ABSOLUTE
    _printf_p                                0x00000000   Number         0  stubs.o ABSOLUTE
    _printf_percent                          0x00000000   Number         0  stubs.o ABSOLUTE
    _printf_pre_padding                      0x00000000   Number         0  stubs.o ABSOLUTE
    _printf_return_value                     0x00000000   Number         0  stubs.o ABSOLUTE
    _printf_s                                0x00000000   Number         0  stubs.o ABSOLUTE
    _printf_sizespec                         0x00000000   Number         0  stubs.o ABSOLUTE
    _printf_str                              0x00000000   Number         0  stubs.o ABSOLUTE
    _printf_truncate_signed                  0x00000000   Number         0  stubs.o ABSOLUTE
    _printf_truncate_unsigned                0x00000000   Number         0  stubs.o ABSOLUTE
    _printf_u                                0x00000000   Number         0  stubs.o ABSOLUTE
    _printf_wc                               0x00000000   Number         0  stubs.o ABSOLUTE
    _printf_wctomb                           0x00000000   Number         0  stubs.o ABSOLUTE
    _printf_widthprec                        0x00000000   Number         0  stubs.o ABSOLUTE
    _printf_x                                0x00000000   Number         0  stubs.o ABSOLUTE
    __cpp_initialize__aeabi_                  - Undefined Weak Reference
    __cxa_finalize                            - Undefined Weak Reference
    _clock_init                               - Undefined Weak Reference
    _microlib_exit                            - Undefined Weak Reference
    __Vectors_Size                           0x000000ec   Number         0  startup_stm32f103xb.o ABSOLUTE
    __Vectors                                0x08000000   Data           4  startup_stm32f103xb.o(RESET)
    __Vectors_End                            0x080000ec   Data           0  startup_stm32f103xb.o(RESET)
    __main                                   0x080000ed   Thumb Code     0  entry.o(.ARM.Collect$$$$00000000)
    _main_stk                                0x080000ed   Thumb Code     0  entry2.o(.ARM.Collect$$$$00000001)
    _main_scatterload                        0x080000f1   Thumb Code     0  entry5.o(.ARM.Collect$$$$00000004)
    __main_after_scatterload                 0x080000f5   Thumb Code     0  entry5.o(.ARM.Collect$$$$00000004)
    _main_clock                              0x080000f5   Thumb Code     0  entry7b.o(.ARM.Collect$$$$00000008)
    _main_cpp_init                           0x080000f5   Thumb Code     0  entry8b.o(.ARM.Collect$$$$0000000A)
    _main_init                               0x080000f5   Thumb Code     0  entry9a.o(.ARM.Collect$$$$0000000B)
    __rt_final_cpp                           0x080000fd   Thumb Code     0  entry10a.o(.ARM.Collect$$$$0000000D)
    __rt_final_exit                          0x080000fd   Thumb Code     0  entry11a.o(.ARM.Collect$$$$0000000F)
    Reset_Handler                            0x08000101   Thumb Code     8  startup_stm32f103xb.o(.text)
    ADC1_2_IRQHandler                        0x0800011b   Thumb Code     0  startup_stm32f103xb.o(.text)
    CAN1_RX1_IRQHandler                      0x0800011b   Thumb Code     0  startup_stm32f103xb.o(.text)
    CAN1_SCE_IRQHandler                      0x0800011b   Thumb Code     0  startup_stm32f103xb.o(.text)
    DMA1_Channel1_IRQHandler                 0x0800011b   Thumb Code     0  startup_stm32f103xb.o(.text)
    DMA1_Channel2_IRQHandler                 0x0800011b   Thumb Code     0  startup_stm32f103xb.o(.text)
    DMA1_Channel3_IRQHandler                 0x0800011b   Thumb Code     0  startup_stm32f103xb.o(.text)
    DMA1_Channel4_IRQHandler                 0x0800011b   Thumb Code     0  startup_stm32f103xb.o(.text)
    DMA1_Channel5_IRQHandler                 0x0800011b   Thumb Code     0  startup_stm32f103xb.o(.text)
    DMA1_Channel6_IRQHandler                 0x0800011b   Thumb Code     0  startup_stm32f103xb.o(.text)
    DMA1_Channel7_IRQHandler                 0x0800011b   Thumb Code     0  startup_stm32f103xb.o(.text)
    EXTI0_IRQHandler                         0x0800011b   Thumb Code     0  startup_stm32f103xb.o(.text)
    EXTI15_10_IRQHandler                     0x0800011b   Thumb Code     0  startup_stm32f103xb.o(.text)
    EXTI1_IRQHandler                         0x0800011b   Thumb Code     0  startup_stm32f103xb.o(.text)
    EXTI2_IRQHandler                         0x0800011b   Thumb Code     0  startup_stm32f103xb.o(.text)
    EXTI3_IRQHandler                         0x0800011b   Thumb Code     0  startup_stm32f103xb.o(.text)
    EXTI4_IRQHandler                         0x0800011b   Thumb Code     0  startup_stm32f103xb.o(.text)
    EXTI9_5_IRQHandler                       0x0800011b   Thumb Code     0  startup_stm32f103xb.o(.text)
    FLASH_IRQHandler                         0x0800011b   Thumb Code     0  startup_stm32f103xb.o(.text)
    I2C1_ER_IRQHandler                       0x0800011b   Thumb Code     0  startup_stm32f103xb.o(.text)
    I2C1_EV_IRQHandler                       0x0800011b   Thumb Code     0  startup_stm32f103xb.o(.text)
    I2C2_ER_IRQHandler                       0x0800011b   Thumb Code     0  startup_stm32f103xb.o(.text)
    I2C2_EV_IRQHandler                       0x0800011b   Thumb Code     0  startup_stm32f103xb.o(.text)
    PVD_IRQHandler                           0x0800011b   Thumb Code     0  startup_stm32f103xb.o(.text)
    RCC_IRQHandler                           0x0800011b   Thumb Code     0  startup_stm32f103xb.o(.text)
    RTC_Alarm_IRQHandler                     0x0800011b   Thumb Code     0  startup_stm32f103xb.o(.text)
    RTC_IRQHandler                           0x0800011b   Thumb Code     0  startup_stm32f103xb.o(.text)
    SPI1_IRQHandler                          0x0800011b   Thumb Code     0  startup_stm32f103xb.o(.text)
    SPI2_IRQHandler                          0x0800011b   Thumb Code     0  startup_stm32f103xb.o(.text)
    TAMPER_IRQHandler                        0x0800011b   Thumb Code     0  startup_stm32f103xb.o(.text)
    TIM1_BRK_IRQHandler                      0x0800011b   Thumb Code     0  startup_stm32f103xb.o(.text)
    TIM1_CC_IRQHandler                       0x0800011b   Thumb Code     0  startup_stm32f103xb.o(.text)
    TIM1_TRG_COM_IRQHandler                  0x0800011b   Thumb Code     0  startup_stm32f103xb.o(.text)
    TIM1_UP_IRQHandler                       0x0800011b   Thumb Code     0  startup_stm32f103xb.o(.text)
    USBWakeUp_IRQHandler                     0x0800011b   Thumb Code     0  startup_stm32f103xb.o(.text)
    USB_HP_CAN1_TX_IRQHandler                0x0800011b   Thumb Code     0  startup_stm32f103xb.o(.text)
    USB_LP_CAN1_RX0_IRQHandler               0x0800011b   Thumb Code     0  startup_stm32f103xb.o(.text)
    WWDG_IRQHandler                          0x0800011b   Thumb Code     0  startup_stm32f103xb.o(.text)
    __aeabi_llsr                             0x08000125   Thumb Code    32  llushr.o(.text)
    _ll_ushift_r                             0x08000125   Thumb Code     0  llushr.o(.text)
    __aeabi_memcpy                           0x08000145   Thumb Code    36  memcpya.o(.text)
    __aeabi_memcpy4                          0x08000145   Thumb Code     0  memcpya.o(.text)
    __aeabi_memcpy8                          0x08000145   Thumb Code     0  memcpya.o(.text)
    __aeabi_memset                           0x08000169   Thumb Code    14  memseta.o(.text)
    __aeabi_memset4                          0x08000169   Thumb Code     0  memseta.o(.text)
    __aeabi_memset8                          0x08000169   Thumb Code     0  memseta.o(.text)
    __aeabi_memclr                           0x08000177   Thumb Code     4  memseta.o(.text)
    __aeabi_memclr4                          0x08000177   Thumb Code     0  memseta.o(.text)
    __aeabi_memclr8                          0x08000177   Thumb Code     0  memseta.o(.text)
    _memset$wrapper                          0x0800017b   Thumb Code    18  memseta.o(.text)
    strstr                                   0x0800018d   Thumb Code    36  strstr.o(.text)
    strchr                                   0x080001b1   Thumb Code    20  strchr.o(.text)
    strlen                                   0x080001c5   Thumb Code    14  strlen.o(.text)
    atoi                                     0x080001d3   Thumb Code    26  atoi.o(.text)
    __aeabi_fadd                             0x080001ed   Thumb Code   164  fadd.o(.text)
    __aeabi_fsub                             0x08000291   Thumb Code     6  fadd.o(.text)
    __aeabi_frsub                            0x08000297   Thumb Code     6  fadd.o(.text)
    __aeabi_fmul                             0x0800029d   Thumb Code   100  fmul.o(.text)
    __aeabi_fdiv                             0x08000301   Thumb Code   124  fdiv.o(.text)
    __aeabi_i2f                              0x0800037d   Thumb Code    18  fflti.o(.text)
    __aeabi_ui2f                             0x0800038f   Thumb Code    10  ffltui.o(.text)
    __aeabi_f2uiz                            0x08000399   Thumb Code    40  ffixui.o(.text)
    __aeabi_f2d                              0x080003c1   Thumb Code    38  f2d.o(.text)
    __aeabi_cfcmpeq                          0x080003e9   Thumb Code     0  cfcmple.o(.text)
    __aeabi_cfcmple                          0x080003e9   Thumb Code    20  cfcmple.o(.text)
    __aeabi_cfrcmple                         0x080003fd   Thumb Code    20  cfrcmple.o(.text)
    __aeabi_uidiv                            0x08000411   Thumb Code     0  uidiv.o(.text)
    __aeabi_uidivmod                         0x08000411   Thumb Code    44  uidiv.o(.text)
    __aeabi_uldivmod                         0x0800043d   Thumb Code    98  uldiv.o(.text)
    strtol                                   0x0800049f   Thumb Code   112  strtol.o(.text)
    __I$use$fp                               0x0800050f   Thumb Code     0  iusefp.o(.text)
    _float_round                             0x0800050f   Thumb Code    18  fepilogue.o(.text)
    _float_epilogue                          0x08000521   Thumb Code    92  fepilogue.o(.text)
    __aeabi_dadd                             0x0800057d   Thumb Code   322  dadd.o(.text)
    __aeabi_dsub                             0x080006bf   Thumb Code     6  dadd.o(.text)
    __aeabi_drsub                            0x080006c5   Thumb Code     6  dadd.o(.text)
    __aeabi_dmul                             0x080006cb   Thumb Code   228  dmul.o(.text)
    __aeabi_ddiv                             0x080007af   Thumb Code   222  ddiv.o(.text)
    __aeabi_d2ulz                            0x0800088d   Thumb Code    48  dfixul.o(.text)
    __aeabi_cdrcmple                         0x080008bd   Thumb Code    48  cdrcmple.o(.text)
    __scatterload                            0x080008ed   Thumb Code    28  init.o(.text)
    __scatterload_rt2                        0x080008ed   Thumb Code     0  init.o(.text)
    __aeabi_llsl                             0x08000911   Thumb Code    30  llshl.o(.text)
    _ll_shift_l                              0x08000911   Thumb Code     0  llshl.o(.text)
    __aeabi_lasr                             0x0800092f   Thumb Code    36  llsshr.o(.text)
    _ll_sshift_r                             0x0800092f   Thumb Code     0  llsshr.o(.text)
    __rt_ctype_table                         0x08000955   Thumb Code     4  ctype_o.o(.text)
    _strtoul                                 0x0800095d   Thumb Code   158  _strtoul.o(.text)
    _double_round                            0x080009fb   Thumb Code    30  depilogue.o(.text)
    _double_epilogue                         0x08000a19   Thumb Code   156  depilogue.o(.text)
    _chval                                   0x08000ab5   Thumb Code    28  _chval.o(.text)
    __decompress                             0x08000ad1   Thumb Code     0  __dczerorl2.o(.text)
    __decompress1                            0x08000ad1   Thumb Code    86  __dczerorl2.o(.text)
    ADC_ConversionStop_Disable               0x08000b27   Thumb Code    84  stm32f1xx_hal_adc.o(i.ADC_ConversionStop_Disable)
    ADC_Enable                               0x08000b7d   Thumb Code   112  stm32f1xx_hal_adc.o(i.ADC_Enable)
    BEEP_DOING                               0x08000bf5   Thumb Code    36  init.o(i.BEEP_DOING)
    BusFault_Handler                         0x08000c1d   Thumb Code     2  stm32f1xx_it.o(i.BusFault_Handler)
    CotorFun                                 0x08000c21   Thumb Code   140  keypad.o(i.CotorFun)
    DISplaysetvalue                          0x08000cbd   Thumb Code   228  keypad.o(i.DISplaysetvalue)
    DebugMon_Handler                         0x08000db9   Thumb Code     2  stm32f1xx_it.o(i.DebugMon_Handler)
    Display                                  0x08000dbd   Thumb Code   230  keypad.o(i.Display)
    ESP8266_Clear                            0x08000ed1   Thumb Code    20  esp8266.o(i.ESP8266_Clear)
    ESP8266_GetIPD                           0x08000eed   Thumb Code    50  esp8266.o(i.ESP8266_GetIPD)
    ESP8266_Init                             0x08000f2d   Thumb Code   100  esp8266.o(i.ESP8266_Init)
    ESP8266_SendCmd                          0x08000fd5   Thumb Code    62  esp8266.o(i.ESP8266_SendCmd)
    ESP8266_SendData                         0x08001019   Thumb Code    50  esp8266.o(i.ESP8266_SendData)
    ESP8266_WaitRecive                       0x08001065   Thumb Code    28  esp8266.o(i.ESP8266_WaitRecive)
    Error_Handler                            0x08001089   Thumb Code     4  main.o(i.Error_Handler)
    GPIO_BEEP_Init                           0x0800108d   Thumb Code    50  init.o(i.GPIO_BEEP_Init)
    GPIO_RELAY_Init                          0x080010c9   Thumb Code   152  init.o(i.GPIO_RELAY_Init)
    Get_Adc2                                 0x0800116d   Thumb Code    28  adc.o(i.Get_Adc2)
    Get_voltage                              0x0800118d   Thumb Code    62  volme.o(i.Get_voltage)
    HAL_ADCEx_Calibration_Start              0x080011d9   Thumb Code   210  stm32f1xx_hal_adc_ex.o(i.HAL_ADCEx_Calibration_Start)
    HAL_ADC_ConfigChannel                    0x080012b1   Thumb Code   240  stm32f1xx_hal_adc.o(i.HAL_ADC_ConfigChannel)
    HAL_ADC_GetValue                         0x080013ad   Thumb Code     6  stm32f1xx_hal_adc.o(i.HAL_ADC_GetValue)
    HAL_ADC_Init                             0x080013b5   Thumb Code   270  stm32f1xx_hal_adc.o(i.HAL_ADC_Init)
    HAL_ADC_MspInit                          0x080014d1   Thumb Code   118  adc.o(i.HAL_ADC_MspInit)
    HAL_ADC_PollForConversion                0x08001559   Thumb Code   304  stm32f1xx_hal_adc.o(i.HAL_ADC_PollForConversion)
    HAL_ADC_Start                            0x08001695   Thumb Code   184  stm32f1xx_hal_adc.o(i.HAL_ADC_Start)
    HAL_DMA_Abort                            0x08001755   Thumb Code    70  stm32f1xx_hal_dma.o(i.HAL_DMA_Abort)
    HAL_DMA_Abort_IT                         0x0800179d   Thumb Code   148  stm32f1xx_hal_dma.o(i.HAL_DMA_Abort_IT)
    HAL_Delay                                0x08001835   Thumb Code    32  stm32f1xx_hal.o(i.HAL_Delay)
    HAL_GPIO_Init                            0x08001859   Thumb Code   426  stm32f1xx_hal_gpio.o(i.HAL_GPIO_Init)
    HAL_GPIO_ReadPin                         0x08001a25   Thumb Code    10  stm32f1xx_hal_gpio.o(i.HAL_GPIO_ReadPin)
    HAL_GPIO_WritePin                        0x08001a2f   Thumb Code    10  stm32f1xx_hal_gpio.o(i.HAL_GPIO_WritePin)
    HAL_GetTick                              0x08001a39   Thumb Code     6  stm32f1xx_hal.o(i.HAL_GetTick)
    HAL_IncTick                              0x08001a45   Thumb Code    12  stm32f1xx_hal.o(i.HAL_IncTick)
    HAL_Init                                 0x08001a55   Thumb Code    32  stm32f1xx_hal.o(i.HAL_Init)
    HAL_InitTick                             0x08001a79   Thumb Code    54  stm32f1xx_hal.o(i.HAL_InitTick)
    HAL_MspInit                              0x08001ab9   Thumb Code    52  stm32f1xx_hal_msp.o(i.HAL_MspInit)
    HAL_NVIC_EnableIRQ                       0x08001af5   Thumb Code    26  stm32f1xx_hal_cortex.o(i.HAL_NVIC_EnableIRQ)
    HAL_NVIC_SetPriority                     0x08001b11   Thumb Code    60  stm32f1xx_hal_cortex.o(i.HAL_NVIC_SetPriority)
    HAL_NVIC_SetPriorityGrouping             0x08001b51   Thumb Code    26  stm32f1xx_hal_cortex.o(i.HAL_NVIC_SetPriorityGrouping)
    HAL_RCCEx_GetPeriphCLKFreq               0x08001b75   Thumb Code   148  stm32f1xx_hal_rcc_ex.o(i.HAL_RCCEx_GetPeriphCLKFreq)
    HAL_RCCEx_PeriphCLKConfig                0x08001c19   Thumb Code   220  stm32f1xx_hal_rcc_ex.o(i.HAL_RCCEx_PeriphCLKConfig)
    HAL_RCC_ClockConfig                      0x08001d01   Thumb Code   292  stm32f1xx_hal_rcc.o(i.HAL_RCC_ClockConfig)
    HAL_RCC_GetPCLK1Freq                     0x08001e39   Thumb Code    20  stm32f1xx_hal_rcc.o(i.HAL_RCC_GetPCLK1Freq)
    HAL_RCC_GetPCLK2Freq                     0x08001e59   Thumb Code    20  stm32f1xx_hal_rcc.o(i.HAL_RCC_GetPCLK2Freq)
    HAL_RCC_GetSysClockFreq                  0x08001e79   Thumb Code    58  stm32f1xx_hal_rcc.o(i.HAL_RCC_GetSysClockFreq)
    HAL_RCC_OscConfig                        0x08001ec5   Thumb Code   770  stm32f1xx_hal_rcc.o(i.HAL_RCC_OscConfig)
    HAL_SPI_Init                             0x080021dd   Thumb Code   178  stm32f1xx_hal_spi.o(i.HAL_SPI_Init)
    HAL_SPI_MspInit                          0x08002291   Thumb Code   236  spi.o(i.HAL_SPI_MspInit)
    HAL_SYSTICK_CLKSourceConfig              0x08002391   Thumb Code    24  stm32f1xx_hal_cortex.o(i.HAL_SYSTICK_CLKSourceConfig)
    HAL_SYSTICK_Config                       0x080023a9   Thumb Code    40  stm32f1xx_hal_cortex.o(i.HAL_SYSTICK_Config)
    HAL_TIMEx_BreakCallback                  0x080023d1   Thumb Code     2  stm32f1xx_hal_tim_ex.o(i.HAL_TIMEx_BreakCallback)
    HAL_TIMEx_CommutCallback                 0x080023d3   Thumb Code     2  stm32f1xx_hal_tim_ex.o(i.HAL_TIMEx_CommutCallback)
    HAL_TIM_Base_Init                        0x080023d5   Thumb Code    90  stm32f1xx_hal_tim.o(i.HAL_TIM_Base_Init)
    HAL_TIM_Base_MspInit                     0x08002431   Thumb Code   172  timer.o(i.HAL_TIM_Base_MspInit)
    HAL_TIM_Base_Start_IT                    0x080024ed   Thumb Code    76  stm32f1xx_hal_tim.o(i.HAL_TIM_Base_Start_IT)
    HAL_TIM_Base_Stop_IT                     0x08002545   Thumb Code    48  stm32f1xx_hal_tim.o(i.HAL_TIM_Base_Stop_IT)
    HAL_TIM_IC_CaptureCallback               0x08002575   Thumb Code     2  stm32f1xx_hal_tim.o(i.HAL_TIM_IC_CaptureCallback)
    HAL_TIM_IRQHandler                       0x08002577   Thumb Code   304  stm32f1xx_hal_tim.o(i.HAL_TIM_IRQHandler)
    HAL_TIM_OC_DelayElapsedCallback          0x080026a7   Thumb Code     2  stm32f1xx_hal_tim.o(i.HAL_TIM_OC_DelayElapsedCallback)
    HAL_TIM_PWM_PulseFinishedCallback        0x080026a9   Thumb Code     2  stm32f1xx_hal_tim.o(i.HAL_TIM_PWM_PulseFinishedCallback)
    HAL_TIM_PeriodElapsedCallback            0x080026ad   Thumb Code    42  timer.o(i.HAL_TIM_PeriodElapsedCallback)
    HAL_TIM_TriggerCallback                  0x080026e1   Thumb Code     2  stm32f1xx_hal_tim.o(i.HAL_TIM_TriggerCallback)
    HAL_UARTEx_RxEventCallback               0x080026e3   Thumb Code     2  stm32f1xx_hal_uart.o(i.HAL_UARTEx_RxEventCallback)
    HAL_UART_ErrorCallback                   0x080026e5   Thumb Code     2  stm32f1xx_hal_uart.o(i.HAL_UART_ErrorCallback)
    HAL_UART_IRQHandler                      0x080026e9   Thumb Code   616  stm32f1xx_hal_uart.o(i.HAL_UART_IRQHandler)
    HAL_UART_Init                            0x08002955   Thumb Code   100  stm32f1xx_hal_uart.o(i.HAL_UART_Init)
    HAL_UART_MspInit                         0x080029b9   Thumb Code   110  usart.o(i.HAL_UART_MspInit)
    HAL_UART_Receive_IT                      0x08002a35   Thumb Code    28  stm32f1xx_hal_uart.o(i.HAL_UART_Receive_IT)
    HAL_UART_RxCpltCallback                  0x08002a51   Thumb Code    48  usart.o(i.HAL_UART_RxCpltCallback)
    HAL_UART_Transmit                        0x08002a8d   Thumb Code   160  stm32f1xx_hal_uart.o(i.HAL_UART_Transmit)
    HAL_UART_TxCpltCallback                  0x08002b2d   Thumb Code     2  stm32f1xx_hal_uart.o(i.HAL_UART_TxCpltCallback)
    HardFault_Handler                        0x08002b2f   Thumb Code     2  stm32f1xx_it.o(i.HardFault_Handler)
    I2C_Ack                                  0x08002b31   Thumb Code    44  iic.o(i.I2C_Ack)
    I2C_NoAck                                0x08002b5d   Thumb Code    44  iic.o(i.I2C_NoAck)
    I2C_ReceiveByte                          0x08002b89   Thumb Code    74  iic.o(i.I2C_ReceiveByte)
    I2C_SendByte                             0x08002bd3   Thumb Code    76  iic.o(i.I2C_SendByte)
    I2C_Start                                0x08002c1f   Thumb Code    52  iic.o(i.I2C_Start)
    I2C_Stop                                 0x08002c53   Thumb Code    46  iic.o(i.I2C_Stop)
    I2C_WaitAck                              0x08002c81   Thumb Code    66  iic.o(i.I2C_WaitAck)
    IIC_Read_Device_2Byte_Len                0x08002cc3   Thumb Code   214  iic.o(i.IIC_Read_Device_2Byte_Len)
    IIC_Write_Device_2Byte                   0x08002d99   Thumb Code   174  iic.o(i.IIC_Write_Device_2Byte)
    IIC_Write_Device_Byte                    0x08002e47   Thumb Code   142  iic.o(i.IIC_Write_Device_Byte)
    INA219_ReadCurrentRaw                    0x08002ed5   Thumb Code     6  ina219.o(i.INA219_ReadCurrentRaw)
    INA219_ReadCurrent_mA                    0x08002edd   Thumb Code    36  ina219.o(i.INA219_ReadCurrent_mA)
    INA219_ReadDataForRegister_16Bits        0x08002f05   Thumb Code    40  ina219.o(i.INA219_ReadDataForRegister_16Bits)
    INA219_SetCalibration                    0x08002f31   Thumb Code     8  ina219.o(i.INA219_SetCalibration)
    INA219_SetCalibration_16V_8A             0x08002f39   Thumb Code    48  ina219.o(i.INA219_SetCalibration_16V_8A)
    INA219_SetConfig                         0x08002f71   Thumb Code     8  ina219.o(i.INA219_SetConfig)
    INA219_WriteDataToRegister_16Bits        0x08002f79   Thumb Code    36  ina219.o(i.INA219_WriteDataToRegister_16Bits)
    INA219a_Init                             0x08002fa1   Thumb Code     6  ina219.o(i.INA219a_Init)
    Ina219SCLHi                              0x08002fa9   Thumb Code    10  iic.o(i.Ina219SCLHi)
    Ina219SCLLo                              0x08002fb9   Thumb Code    10  iic.o(i.Ina219SCLLo)
    Ina219SDAHi                              0x08002fc9   Thumb Code    10  iic.o(i.Ina219SDAHi)
    Ina219SDAIn                              0x08002fd9   Thumb Code     8  iic.o(i.Ina219SDAIn)
    Ina219SDALo                              0x08002fe5   Thumb Code    10  iic.o(i.Ina219SDALo)
    KEY_Init                                 0x08002ff5   Thumb Code   140  keypad.o(i.KEY_Init)
    Keypad_Handle                            0x08003089   Thumb Code     4  keypad.o(i.Keypad_Handle)
    MX_ADC_Init                              0x0800308d   Thumb Code   116  adc.o(i.MX_ADC_Init)
    MX_Hard_Init                             0x0800310d   Thumb Code    34  init.o(i.MX_Hard_Init)
    MX_IIC_Init                              0x08003131   Thumb Code   224  iic.o(i.MX_IIC_Init)
    MX_SPI2_Init                             0x0800324d   Thumb Code    82  spi.o(i.MX_SPI2_Init)
    MX_SPIx_Init                             0x080032ad   Thumb Code     4  spi.o(i.MX_SPIx_Init)
    MX_TIMx_Init                             0x080032b1   Thumb Code    12  timer.o(i.MX_TIMx_Init)
    MemManage_Handler                        0x080032bd   Thumb Code     2  stm32f1xx_it.o(i.MemManage_Handler)
    NMI_Handler                              0x080032bf   Thumb Code     2  stm32f1xx_it.o(i.NMI_Handler)
    OLED_CLS                                 0x080032c1   Thumb Code     6  sd1306.o(i.OLED_CLS)
    OLED_Fill                                0x080032c7   Thumb Code    54  sd1306.o(i.OLED_Fill)
    OLED_Init                                0x080032fd   Thumb Code   174  sd1306.o(i.OLED_Init)
    OLED_SetPos                              0x080033ab   Thumb Code    38  sd1306.o(i.OLED_SetPos)
    OLED_ShowCN                              0x080033d1   Thumb Code    86  sd1306.o(i.OLED_ShowCN)
    OLED_ShowStr                             0x0800342d   Thumb Code   236  sd1306.o(i.OLED_ShowStr)
    PendSV_Handler                           0x0800351d   Thumb Code     2  stm32f1xx_it.o(i.PendSV_Handler)
    Process_Button_Events                    0x08003521   Thumb Code   106  keypad.o(i.Process_Button_Events)
    ReceiveData_                             0x08003591   Thumb Code    90  esp8266.o(i.ReceiveData_)
    SVC_Handler                              0x080035eb   Thumb Code     2  stm32f1xx_it.o(i.SVC_Handler)
    SysTick_Handler                          0x080035ed   Thumb Code     4  stm32f1xx_it.o(i.SysTick_Handler)
    SystemClock_Config                       0x080035f1   Thumb Code   114  sys.o(i.SystemClock_Config)
    SystemInit                               0x08003663   Thumb Code     2  system_stm32f1xx.o(i.SystemInit)
    TIM2_IRQHandler                          0x08003665   Thumb Code     6  timer.o(i.TIM2_IRQHandler)
    TIM2_Init                                0x08003671   Thumb Code    52  timer.o(i.TIM2_Init)
    TIM3_IRQHandler                          0x080036a9   Thumb Code     6  timer.o(i.TIM3_IRQHandler)
    TIM4_IRQHandler                          0x080036b5   Thumb Code     6  timer.o(i.TIM4_IRQHandler)
    TIM_Base_SetConfig                       0x080036c1   Thumb Code   108  stm32f1xx_hal_tim.o(i.TIM_Base_SetConfig)
    UART_Setinit                             0x08003911   Thumb Code    54  usart.o(i.UART_Setinit)
    UART_Start_Receive_IT                    0x08003955   Thumb Code    54  stm32f1xx_hal_uart.o(i.UART_Start_Receive_IT)
    USART1_IRQHandler                        0x080039fd   Thumb Code     6  usart.o(i.USART1_IRQHandler)
    USART1_send                              0x08003a09   Thumb Code    14  usart.o(i.USART1_send)
    USART2_IRQHandler                        0x08003a1d   Thumb Code     6  usart.o(i.USART2_IRQHandler)
    USART3_IRQHandler                        0x08003a29   Thumb Code     6  usart.o(i.USART3_IRQHandler)
    Uart_Init                                0x08003a35   Thumb Code    12  usart.o(i.Uart_Init)
    UsageFault_Handler                       0x08003a41   Thumb Code     2  stm32f1xx_it.o(i.UsageFault_Handler)
    UsartReceive                             0x08003a45   Thumb Code   112  esp8266.o(i.UsartReceive)
    UsartSendReceiveData                     0x08003ae9   Thumb Code   106  esp8266.o(i.UsartSendReceiveData)
    Wavefiltering1                           0x08003b91   Thumb Code   142  algo.o(i.Wavefiltering1)
    WriteCmd                                 0x08003c21   Thumb Code    26  sd1306.o(i.WriteCmd)
    WriteDat                                 0x08003c41   Thumb Code    26  sd1306.o(i.WriteDat)
    __0sprintf                               0x08003c61   Thumb Code    34  printfa.o(i.__0sprintf)
    __1sprintf                               0x08003c61   Thumb Code     0  printfa.o(i.__0sprintf)
    __2sprintf                               0x08003c61   Thumb Code     0  printfa.o(i.__0sprintf)
    __c89sprintf                             0x08003c61   Thumb Code     0  printfa.o(i.__0sprintf)
    sprintf                                  0x08003c61   Thumb Code     0  printfa.o(i.__0sprintf)
    __aeabi_errno_addr                       0x08003ca9   Thumb Code     4  errno.o(i.__aeabi_errno_addr)
    __rt_errno_addr                          0x08003ca9   Thumb Code     0  errno.o(i.__aeabi_errno_addr)
    __scatterload_copy                       0x08003cb1   Thumb Code    14  handlers.o(i.__scatterload_copy)
    __scatterload_null                       0x08003cbf   Thumb Code     2  handlers.o(i.__scatterload_null)
    __scatterload_zeroinit                   0x08003cc1   Thumb Code    14  handlers.o(i.__scatterload_zeroinit)
    addnum                                   0x0800458d   Thumb Code    82  keypad.o(i.addnum)
    delay_init                               0x080045e9   Thumb Code    16  delay.o(i.delay_init)
    delay_ms                                 0x080045fd   Thumb Code    26  delay.o(i.delay_ms)
    delay_us                                 0x08004617   Thumb Code    48  delay.o(i.delay_us)
    key_scan                                 0x08004649   Thumb Code   196  keypad.o(i.key_scan)
    main                                     0x08004715   Thumb Code    92  main.o(i.main)
    redycenum                                0x08004771   Thumb Code   160  keypad.o(i.redycenum)
    sd1306sSCLHi                             0x08004819   Thumb Code    10  iic.o(i.sd1306sSCLHi)
    sd1306sSCLLo                             0x08004829   Thumb Code    12  iic.o(i.sd1306sSCLLo)
    sd1306sSDAHi                             0x08004839   Thumb Code    10  iic.o(i.sd1306sSDAHi)
    sd1306sSDAIn                             0x08004849   Thumb Code    10  iic.o(i.sd1306sSDAIn)
    sd1306sSDALo                             0x08004859   Thumb Code    12  iic.o(i.sd1306sSDALo)
    spi1_set_speed                           0x08004869   Thumb Code    48  spi.o(i.spi1_set_speed)
    spi2_set_speed                           0x0800489d   Thumb Code    48  spi.o(i.spi2_set_speed)
    AHBPrescTable                            0x080048f4   Data          16  system_stm32f1xx.o(.constdata)
    APBPrescTable                            0x08004904   Data           8  system_stm32f1xx.o(.constdata)
    F6x8                                     0x0800490c   Data         552  sd1306.o(.constdata)
    F8X16                                    0x08004b34   Data        1520  sd1306.o(.constdata)
    __ctype_table                            0x08005124   Data         129  ctype_o.o(.constdata)
    Region$$Table$$Base                      0x080051ac   Number         0  anon$$obj.o(Region$$Table)
    Region$$Table$$Limit                     0x080051cc   Number         0  anon$$obj.o(Region$$Table)
    uwTickFreq                               0x20000000   Data           1  stm32f1xx_hal.o(.data)
    uwTickPrio                               0x20000004   Data           4  stm32f1xx_hal.o(.data)
    uwTick                                   0x20000008   Data           4  stm32f1xx_hal.o(.data)
    SystemCoreClock                          0x2000000c   Data           4  system_stm32f1xx.o(.data)
    timer1_flag_1                            0x20000010   Data           2  timer.o(.data)
    timer2_flag_1                            0x20000012   Data           2  timer.o(.data)
    warningFlag                              0x20000018   Data           1  keypad.o(.data)
    load                                     0x20000019   Data           1  keypad.o(.data)
    currentMax                               0x2000001c   Data           2  keypad.o(.data)
    current                                  0x2000001e   Data           2  keypad.o(.data)
    volMax                                   0x20000020   Data           4  keypad.o(.data)
    voltage                                  0x20000024   Data           4  keypad.o(.data)
    power                                    0x20000028   Data           4  keypad.o(.data)
    key_num                                  0x2000002c   Data           4  keypad.o(.data)
    Key_num                                  0x20000030   Data           4  keypad.o(.data)
    USART1Buf                                0x20000034   Data           1  usart.o(.data)
    UART1_Rx_cnt                             0x20000036   Data           2  usart.o(.data)
    F16x16                                   0x20000038   Data         320  sd1306.o(.data)
    BMP2                                     0x20000178   Data        1536  sd1306.o(.data)
    ina219_calibrationValue                  0x20000778   Data           2  ina219.o(.data)
    ina219_currentDivider_mA                 0x2000077a   Data           2  ina219.o(.data)
    ina219_powerMultiplier_mW                0x2000077c   Data           4  ina219.o(.data)
    ina219_currentDivider_uA                 0x20000780   Data           4  ina219.o(.data)
    usart_send_flag                          0x20000784   Data           1  esp8266.o(.data)
    esp8266_cntPre                           0x20000786   Data           2  esp8266.o(.data)
    timeCount1                               0x20000788   Data           2  esp8266.o(.data)
    hadc1                                    0x20000790   Data          48  adc.o(.bss)
    hadc2                                    0x200007c0   Data          48  adc.o(.bss)
    hspi1                                    0x200007f0   Data          88  spi.o(.bss)
    hspi2                                    0x20000848   Data          88  spi.o(.bss)
    hspi3                                    0x200008a0   Data          88  spi.o(.bss)
    htim1                                    0x200008f8   Data          72  timer.o(.bss)
    htim2                                    0x20000940   Data          72  timer.o(.bss)
    htim3                                    0x20000988   Data          72  timer.o(.bss)
    htim4                                    0x200009d0   Data          72  timer.o(.bss)
    display                                  0x20000a18   Data          16  keypad.o(.bss)
    UART1_Handler                            0x20000e28   Data          72  usart.o(.bss)
    UART2_Handler                            0x20000e70   Data          72  usart.o(.bss)
    UART3_Handler                            0x20000eb8   Data          72  usart.o(.bss)
    U1Buffer                                 0x20000f00   Data         512  usart.o(.bss)
    iicsd1306s                               0x20001100   Data          20  sd1306.o(.bss)
    iicina219                                0x20001114   Data          20  ina219.o(.bss)
    vol                                      0x20001128   Data         204  volme.o(.bss)
    __initial_sp                             0x20001bf8   Data           0  startup_stm32f103xb.o(STACK)



==============================================================================

Memory Map of the image

  Image Entry point : 0x080000ed

  Load Region LR_IROM1 (Base: 0x08000000, Size: 0x0000595c, Max: 0x00010000, ABSOLUTE, COMPRESSED[0x00005360])

    Execution Region ER_IROM1 (Exec base: 0x08000000, Load base: 0x08000000, Size: 0x000051cc, Max: 0x00010000, ABSOLUTE)

    Exec Addr    Load Addr    Size         Type   Attr      Idx    E Section Name        Object

    0x08000000   0x08000000   0x000000ec   Data   RO            3    RESET               startup_stm32f103xb.o
    0x080000ec   0x080000ec   0x00000000   Code   RO         4526  * .ARM.Collect$$$$00000000  mc_w.l(entry.o)
    0x080000ec   0x080000ec   0x00000004   Code   RO         4852    .ARM.Collect$$$$00000001  mc_w.l(entry2.o)
    0x080000f0   0x080000f0   0x00000004   Code   RO         4855    .ARM.Collect$$$$00000004  mc_w.l(entry5.o)
    0x080000f4   0x080000f4   0x00000000   Code   RO         4857    .ARM.Collect$$$$00000008  mc_w.l(entry7b.o)
    0x080000f4   0x080000f4   0x00000000   Code   RO         4859    .ARM.Collect$$$$0000000A  mc_w.l(entry8b.o)
    0x080000f4   0x080000f4   0x00000008   Code   RO         4860    .ARM.Collect$$$$0000000B  mc_w.l(entry9a.o)
    0x080000fc   0x080000fc   0x00000000   Code   RO         4862    .ARM.Collect$$$$0000000D  mc_w.l(entry10a.o)
    0x080000fc   0x080000fc   0x00000000   Code   RO         4864    .ARM.Collect$$$$0000000F  mc_w.l(entry11a.o)
    0x080000fc   0x080000fc   0x00000004   Code   RO         4853    .ARM.Collect$$$$00002712  mc_w.l(entry2.o)
    0x08000100   0x08000100   0x00000024   Code   RO            4    .text               startup_stm32f103xb.o
    0x08000124   0x08000124   0x00000020   Code   RO         4529    .text               mc_w.l(llushr.o)
    0x08000144   0x08000144   0x00000024   Code   RO         4531    .text               mc_w.l(memcpya.o)
    0x08000168   0x08000168   0x00000024   Code   RO         4533    .text               mc_w.l(memseta.o)
    0x0800018c   0x0800018c   0x00000024   Code   RO         4535    .text               mc_w.l(strstr.o)
    0x080001b0   0x080001b0   0x00000014   Code   RO         4537    .text               mc_w.l(strchr.o)
    0x080001c4   0x080001c4   0x0000000e   Code   RO         4539    .text               mc_w.l(strlen.o)
    0x080001d2   0x080001d2   0x0000001a   Code   RO         4832    .text               mc_w.l(atoi.o)
    0x080001ec   0x080001ec   0x000000b0   Code   RO         4834    .text               mf_w.l(fadd.o)
    0x0800029c   0x0800029c   0x00000064   Code   RO         4836    .text               mf_w.l(fmul.o)
    0x08000300   0x08000300   0x0000007c   Code   RO         4838    .text               mf_w.l(fdiv.o)
    0x0800037c   0x0800037c   0x00000012   Code   RO         4840    .text               mf_w.l(fflti.o)
    0x0800038e   0x0800038e   0x0000000a   Code   RO         4842    .text               mf_w.l(ffltui.o)
    0x08000398   0x08000398   0x00000028   Code   RO         4844    .text               mf_w.l(ffixui.o)
    0x080003c0   0x080003c0   0x00000026   Code   RO         4846    .text               mf_w.l(f2d.o)
    0x080003e6   0x080003e6   0x00000002   PAD
    0x080003e8   0x080003e8   0x00000014   Code   RO         4848    .text               mf_w.l(cfcmple.o)
    0x080003fc   0x080003fc   0x00000014   Code   RO         4850    .text               mf_w.l(cfrcmple.o)
    0x08000410   0x08000410   0x0000002c   Code   RO         4869    .text               mc_w.l(uidiv.o)
    0x0800043c   0x0800043c   0x00000062   Code   RO         4871    .text               mc_w.l(uldiv.o)
    0x0800049e   0x0800049e   0x00000070   Code   RO         4882    .text               mc_w.l(strtol.o)
    0x0800050e   0x0800050e   0x00000000   Code   RO         4884    .text               mc_w.l(iusefp.o)
    0x0800050e   0x0800050e   0x0000006e   Code   RO         4885    .text               mf_w.l(fepilogue.o)
    0x0800057c   0x0800057c   0x0000014e   Code   RO         4887    .text               mf_w.l(dadd.o)
    0x080006ca   0x080006ca   0x000000e4   Code   RO         4889    .text               mf_w.l(dmul.o)
    0x080007ae   0x080007ae   0x000000de   Code   RO         4891    .text               mf_w.l(ddiv.o)
    0x0800088c   0x0800088c   0x00000030   Code   RO         4893    .text               mf_w.l(dfixul.o)
    0x080008bc   0x080008bc   0x00000030   Code   RO         4895    .text               mf_w.l(cdrcmple.o)
    0x080008ec   0x080008ec   0x00000024   Code   RO         4897    .text               mc_w.l(init.o)
    0x08000910   0x08000910   0x0000001e   Code   RO         4900    .text               mc_w.l(llshl.o)
    0x0800092e   0x0800092e   0x00000024   Code   RO         4902    .text               mc_w.l(llsshr.o)
    0x08000952   0x08000952   0x00000002   PAD
    0x08000954   0x08000954   0x00000008   Code   RO         4904    .text               mc_w.l(ctype_o.o)
    0x0800095c   0x0800095c   0x0000009e   Code   RO         4932    .text               mc_w.l(_strtoul.o)
    0x080009fa   0x080009fa   0x000000ba   Code   RO         4935    .text               mf_w.l(depilogue.o)
    0x08000ab4   0x08000ab4   0x0000001c   Code   RO         4937    .text               mc_w.l(_chval.o)
    0x08000ad0   0x08000ad0   0x00000056   Code   RO         4947    .text               mc_w.l(__dczerorl2.o)
    0x08000b26   0x08000b26   0x00000054   Code   RO          361    i.ADC_ConversionStop_Disable  stm32f1xx_hal_adc.o
    0x08000b7a   0x08000b7a   0x00000002   PAD
    0x08000b7c   0x08000b7c   0x00000078   Code   RO          365    i.ADC_Enable        stm32f1xx_hal_adc.o
    0x08000bf4   0x08000bf4   0x00000028   Code   RO         3819    i.BEEP_DOING        init.o
    0x08000c1c   0x08000c1c   0x00000002   Code   RO          220    i.BusFault_Handler  stm32f1xx_it.o
    0x08000c1e   0x08000c1e   0x00000002   PAD
    0x08000c20   0x08000c20   0x0000009c   Code   RO         3977    i.CotorFun          keypad.o
    0x08000cbc   0x08000cbc   0x000000fc   Code   RO         3978    i.DISplaysetvalue   keypad.o
    0x08000db8   0x08000db8   0x00000002   Code   RO          221    i.DebugMon_Handler  stm32f1xx_it.o
    0x08000dba   0x08000dba   0x00000002   PAD
    0x08000dbc   0x08000dbc   0x00000114   Code   RO         3979    i.Display           keypad.o
    0x08000ed0   0x08000ed0   0x0000001c   Code   RO         4454    i.ESP8266_Clear     esp8266.o
    0x08000eec   0x08000eec   0x00000040   Code   RO         4455    i.ESP8266_GetIPD    esp8266.o
    0x08000f2c   0x08000f2c   0x000000a8   Code   RO         4456    i.ESP8266_Init      esp8266.o
    0x08000fd4   0x08000fd4   0x00000044   Code   RO         4457    i.ESP8266_SendCmd   esp8266.o
    0x08001018   0x08001018   0x0000004c   Code   RO         4458    i.ESP8266_SendData  esp8266.o
    0x08001064   0x08001064   0x00000024   Code   RO         4459    i.ESP8266_WaitRecive  esp8266.o
    0x08001088   0x08001088   0x00000004   Code   RO           13    i.Error_Handler     main.o
    0x0800108c   0x0800108c   0x0000003c   Code   RO         3821    i.GPIO_BEEP_Init    init.o
    0x080010c8   0x080010c8   0x000000a4   Code   RO         3823    i.GPIO_RELAY_Init   init.o
    0x0800116c   0x0800116c   0x00000020   Code   RO         3525    i.Get_Adc2          adc.o
    0x0800118c   0x0800118c   0x0000004c   Code   RO         4427    i.Get_voltage       volme.o
    0x080011d8   0x080011d8   0x000000d8   Code   RO          541    i.HAL_ADCEx_Calibration_Start  stm32f1xx_hal_adc_ex.o
    0x080012b0   0x080012b0   0x000000fc   Code   RO          367    i.HAL_ADC_ConfigChannel  stm32f1xx_hal_adc.o
    0x080013ac   0x080013ac   0x00000006   Code   RO          374    i.HAL_ADC_GetValue  stm32f1xx_hal_adc.o
    0x080013b2   0x080013b2   0x00000002   PAD
    0x080013b4   0x080013b4   0x0000011c   Code   RO          376    i.HAL_ADC_Init      stm32f1xx_hal_adc.o
    0x080014d0   0x080014d0   0x00000088   Code   RO         3527    i.HAL_ADC_MspInit   adc.o
    0x08001558   0x08001558   0x0000013c   Code   RO          380    i.HAL_ADC_PollForConversion  stm32f1xx_hal_adc.o
    0x08001694   0x08001694   0x000000c0   Code   RO          382    i.HAL_ADC_Start     stm32f1xx_hal_adc.o
    0x08001754   0x08001754   0x00000046   Code   RO         1018    i.HAL_DMA_Abort     stm32f1xx_hal_dma.o
    0x0800179a   0x0800179a   0x00000002   PAD
    0x0800179c   0x0800179c   0x00000098   Code   RO         1019    i.HAL_DMA_Abort_IT  stm32f1xx_hal_dma.o
    0x08001834   0x08001834   0x00000024   Code   RO          644    i.HAL_Delay         stm32f1xx_hal.o
    0x08001858   0x08001858   0x000001cc   Code   RO          954    i.HAL_GPIO_Init     stm32f1xx_hal_gpio.o
    0x08001a24   0x08001a24   0x0000000a   Code   RO          956    i.HAL_GPIO_ReadPin  stm32f1xx_hal_gpio.o
    0x08001a2e   0x08001a2e   0x0000000a   Code   RO          958    i.HAL_GPIO_WritePin  stm32f1xx_hal_gpio.o
    0x08001a38   0x08001a38   0x0000000c   Code   RO          648    i.HAL_GetTick       stm32f1xx_hal.o
    0x08001a44   0x08001a44   0x00000010   Code   RO          654    i.HAL_IncTick       stm32f1xx_hal.o
    0x08001a54   0x08001a54   0x00000024   Code   RO          655    i.HAL_Init          stm32f1xx_hal.o
    0x08001a78   0x08001a78   0x00000040   Code   RO          656    i.HAL_InitTick      stm32f1xx_hal.o
    0x08001ab8   0x08001ab8   0x0000003c   Code   RO          295    i.HAL_MspInit       stm32f1xx_hal_msp.o
    0x08001af4   0x08001af4   0x0000001a   Code   RO         1114    i.HAL_NVIC_EnableIRQ  stm32f1xx_hal_cortex.o
    0x08001b0e   0x08001b0e   0x00000002   PAD
    0x08001b10   0x08001b10   0x00000040   Code   RO         1120    i.HAL_NVIC_SetPriority  stm32f1xx_hal_cortex.o
    0x08001b50   0x08001b50   0x00000024   Code   RO         1121    i.HAL_NVIC_SetPriorityGrouping  stm32f1xx_hal_cortex.o
    0x08001b74   0x08001b74   0x000000a4   Code   RO          915    i.HAL_RCCEx_GetPeriphCLKFreq  stm32f1xx_hal_rcc_ex.o
    0x08001c18   0x08001c18   0x000000e8   Code   RO          916    i.HAL_RCCEx_PeriphCLKConfig  stm32f1xx_hal_rcc_ex.o
    0x08001d00   0x08001d00   0x00000138   Code   RO          812    i.HAL_RCC_ClockConfig  stm32f1xx_hal_rcc.o
    0x08001e38   0x08001e38   0x00000020   Code   RO          819    i.HAL_RCC_GetPCLK1Freq  stm32f1xx_hal_rcc.o
    0x08001e58   0x08001e58   0x00000020   Code   RO          820    i.HAL_RCC_GetPCLK2Freq  stm32f1xx_hal_rcc.o
    0x08001e78   0x08001e78   0x0000004c   Code   RO          821    i.HAL_RCC_GetSysClockFreq  stm32f1xx_hal_rcc.o
    0x08001ec4   0x08001ec4   0x00000318   Code   RO          824    i.HAL_RCC_OscConfig  stm32f1xx_hal_rcc.o
    0x080021dc   0x080021dc   0x000000b2   Code   RO         1655    i.HAL_SPI_Init      stm32f1xx_hal_spi.o
    0x0800228e   0x0800228e   0x00000002   PAD
    0x08002290   0x08002290   0x00000100   Code   RO         3580    i.HAL_SPI_MspInit   spi.o
    0x08002390   0x08002390   0x00000018   Code   RO         1123    i.HAL_SYSTICK_CLKSourceConfig  stm32f1xx_hal_cortex.o
    0x080023a8   0x080023a8   0x00000028   Code   RO         1125    i.HAL_SYSTICK_Config  stm32f1xx_hal_cortex.o
    0x080023d0   0x080023d0   0x00000002   Code   RO         2672    i.HAL_TIMEx_BreakCallback  stm32f1xx_hal_tim_ex.o
    0x080023d2   0x080023d2   0x00000002   Code   RO         2673    i.HAL_TIMEx_CommutCallback  stm32f1xx_hal_tim_ex.o
    0x080023d4   0x080023d4   0x0000005a   Code   RO         1968    i.HAL_TIM_Base_Init  stm32f1xx_hal_tim.o
    0x0800242e   0x0800242e   0x00000002   PAD
    0x08002430   0x08002430   0x000000bc   Code   RO         3649    i.HAL_TIM_Base_MspInit  timer.o
    0x080024ec   0x080024ec   0x00000058   Code   RO         1973    i.HAL_TIM_Base_Start_IT  stm32f1xx_hal_tim.o
    0x08002544   0x08002544   0x00000030   Code   RO         1976    i.HAL_TIM_Base_Stop_IT  stm32f1xx_hal_tim.o
    0x08002574   0x08002574   0x00000002   Code   RO         2002    i.HAL_TIM_IC_CaptureCallback  stm32f1xx_hal_tim.o
    0x08002576   0x08002576   0x00000130   Code   RO         2016    i.HAL_TIM_IRQHandler  stm32f1xx_hal_tim.o
    0x080026a6   0x080026a6   0x00000002   Code   RO         2019    i.HAL_TIM_OC_DelayElapsedCallback  stm32f1xx_hal_tim.o
    0x080026a8   0x080026a8   0x00000002   Code   RO         2046    i.HAL_TIM_PWM_PulseFinishedCallback  stm32f1xx_hal_tim.o
    0x080026aa   0x080026aa   0x00000002   PAD
    0x080026ac   0x080026ac   0x00000034   Code   RO         3650    i.HAL_TIM_PeriodElapsedCallback  timer.o
    0x080026e0   0x080026e0   0x00000002   Code   RO         2059    i.HAL_TIM_TriggerCallback  stm32f1xx_hal_tim.o
    0x080026e2   0x080026e2   0x00000002   Code   RO         2951    i.HAL_UARTEx_RxEventCallback  stm32f1xx_hal_uart.o
    0x080026e4   0x080026e4   0x00000002   Code   RO         2965    i.HAL_UART_ErrorCallback  stm32f1xx_hal_uart.o
    0x080026e6   0x080026e6   0x00000002   PAD
    0x080026e8   0x080026e8   0x0000026c   Code   RO         2968    i.HAL_UART_IRQHandler  stm32f1xx_hal_uart.o
    0x08002954   0x08002954   0x00000064   Code   RO         2969    i.HAL_UART_Init     stm32f1xx_hal_uart.o
    0x080029b8   0x080029b8   0x0000007c   Code   RO         4065    i.HAL_UART_MspInit  usart.o
    0x08002a34   0x08002a34   0x0000001c   Code   RO         2974    i.HAL_UART_Receive_IT  stm32f1xx_hal_uart.o
    0x08002a50   0x08002a50   0x0000003c   Code   RO         4066    i.HAL_UART_RxCpltCallback  usart.o
    0x08002a8c   0x08002a8c   0x000000a0   Code   RO         2977    i.HAL_UART_Transmit  stm32f1xx_hal_uart.o
    0x08002b2c   0x08002b2c   0x00000002   Code   RO         2980    i.HAL_UART_TxCpltCallback  stm32f1xx_hal_uart.o
    0x08002b2e   0x08002b2e   0x00000002   Code   RO          222    i.HardFault_Handler  stm32f1xx_it.o
    0x08002b30   0x08002b30   0x0000002c   Code   RO         3370    i.I2C_Ack           iic.o
    0x08002b5c   0x08002b5c   0x0000002c   Code   RO         3371    i.I2C_NoAck         iic.o
    0x08002b88   0x08002b88   0x0000004a   Code   RO         3372    i.I2C_ReceiveByte   iic.o
    0x08002bd2   0x08002bd2   0x0000004c   Code   RO         3373    i.I2C_SendByte      iic.o
    0x08002c1e   0x08002c1e   0x00000034   Code   RO         3374    i.I2C_Start         iic.o
    0x08002c52   0x08002c52   0x0000002e   Code   RO         3375    i.I2C_Stop          iic.o
    0x08002c80   0x08002c80   0x00000042   Code   RO         3376    i.I2C_WaitAck       iic.o
    0x08002cc2   0x08002cc2   0x000000d6   Code   RO         3378    i.IIC_Read_Device_2Byte_Len  iic.o
    0x08002d98   0x08002d98   0x000000ae   Code   RO         3380    i.IIC_Write_Device_2Byte  iic.o
    0x08002e46   0x08002e46   0x0000008e   Code   RO         3381    i.IIC_Write_Device_Byte  iic.o
    0x08002ed4   0x08002ed4   0x00000006   Code   RO         4306    i.INA219_ReadCurrentRaw  ina219.o
    0x08002eda   0x08002eda   0x00000002   PAD
    0x08002edc   0x08002edc   0x00000028   Code   RO         4307    i.INA219_ReadCurrent_mA  ina219.o
    0x08002f04   0x08002f04   0x0000002c   Code   RO         4309    i.INA219_ReadDataForRegister_16Bits  ina219.o
    0x08002f30   0x08002f30   0x00000008   Code   RO         4313    i.INA219_SetCalibration  ina219.o
    0x08002f38   0x08002f38   0x00000038   Code   RO         4315    i.INA219_SetCalibration_16V_8A  ina219.o
    0x08002f70   0x08002f70   0x00000008   Code   RO         4317    i.INA219_SetConfig  ina219.o
    0x08002f78   0x08002f78   0x00000028   Code   RO         4318    i.INA219_WriteDataToRegister_16Bits  ina219.o
    0x08002fa0   0x08002fa0   0x00000006   Code   RO         4319    i.INA219a_Init      ina219.o
    0x08002fa6   0x08002fa6   0x00000002   PAD
    0x08002fa8   0x08002fa8   0x00000010   Code   RO         3382    i.Ina219SCLHi       iic.o
    0x08002fb8   0x08002fb8   0x00000010   Code   RO         3383    i.Ina219SCLLo       iic.o
    0x08002fc8   0x08002fc8   0x00000010   Code   RO         3384    i.Ina219SDAHi       iic.o
    0x08002fd8   0x08002fd8   0x0000000c   Code   RO         3385    i.Ina219SDAIn       iic.o
    0x08002fe4   0x08002fe4   0x00000010   Code   RO         3386    i.Ina219SDALo       iic.o
    0x08002ff4   0x08002ff4   0x00000094   Code   RO         3981    i.KEY_Init          keypad.o
    0x08003088   0x08003088   0x00000004   Code   RO         3982    i.Keypad_Handle     keypad.o
    0x0800308c   0x0800308c   0x00000080   Code   RO         3528    i.MX_ADC_Init       adc.o
    0x0800310c   0x0800310c   0x00000022   Code   RO         3824    i.MX_Hard_Init      init.o
    0x0800312e   0x0800312e   0x00000002   PAD
    0x08003130   0x08003130   0x0000011c   Code   RO         3387    i.MX_IIC_Init       iic.o
    0x0800324c   0x0800324c   0x00000060   Code   RO         3582    i.MX_SPI2_Init      spi.o
    0x080032ac   0x080032ac   0x00000004   Code   RO         3583    i.MX_SPIx_Init      spi.o
    0x080032b0   0x080032b0   0x0000000c   Code   RO         3651    i.MX_TIMx_Init      timer.o
    0x080032bc   0x080032bc   0x00000002   Code   RO          223    i.MemManage_Handler  stm32f1xx_it.o
    0x080032be   0x080032be   0x00000002   Code   RO          224    i.NMI_Handler       stm32f1xx_it.o
    0x080032c0   0x080032c0   0x00000006   Code   RO         4190    i.OLED_CLS          sd1306.o
    0x080032c6   0x080032c6   0x00000036   Code   RO         4192    i.OLED_Fill         sd1306.o
    0x080032fc   0x080032fc   0x000000ae   Code   RO         4193    i.OLED_Init         sd1306.o
    0x080033aa   0x080033aa   0x00000026   Code   RO         4196    i.OLED_SetPos       sd1306.o
    0x080033d0   0x080033d0   0x0000005c   Code   RO         4197    i.OLED_ShowCN       sd1306.o
    0x0800342c   0x0800342c   0x000000f0   Code   RO         4201    i.OLED_ShowStr      sd1306.o
    0x0800351c   0x0800351c   0x00000002   Code   RO          225    i.PendSV_Handler    stm32f1xx_it.o
    0x0800351e   0x0800351e   0x00000002   PAD
    0x08003520   0x08003520   0x00000070   Code   RO         3983    i.Process_Button_Events  keypad.o
    0x08003590   0x08003590   0x0000005a   Code   RO         4460    i.ReceiveData_      esp8266.o
    0x080035ea   0x080035ea   0x00000002   Code   RO          226    i.SVC_Handler       stm32f1xx_it.o
    0x080035ec   0x080035ec   0x00000004   Code   RO          227    i.SysTick_Handler   stm32f1xx_it.o
    0x080035f0   0x080035f0   0x00000072   Code   RO         3341    i.SystemClock_Config  sys.o
    0x08003662   0x08003662   0x00000002   Code   RO         3303    i.SystemInit        system_stm32f1xx.o
    0x08003664   0x08003664   0x0000000c   Code   RO         3653    i.TIM2_IRQHandler   timer.o
    0x08003670   0x08003670   0x00000038   Code   RO         3654    i.TIM2_Init         timer.o
    0x080036a8   0x080036a8   0x0000000c   Code   RO         3655    i.TIM3_IRQHandler   timer.o
    0x080036b4   0x080036b4   0x0000000c   Code   RO         3656    i.TIM4_IRQHandler   timer.o
    0x080036c0   0x080036c0   0x00000078   Code   RO         2061    i.TIM_Base_SetConfig  stm32f1xx_hal_tim.o
    0x08003738   0x08003738   0x00000010   Code   RO         2982    i.UART_DMAAbortOnError  stm32f1xx_hal_uart.o
    0x08003748   0x08003748   0x0000004e   Code   RO         2992    i.UART_EndRxTransfer  stm32f1xx_hal_uart.o
    0x08003796   0x08003796   0x000000c2   Code   RO         2994    i.UART_Receive_IT   stm32f1xx_hal_uart.o
    0x08003858   0x08003858   0x000000b8   Code   RO         2995    i.UART_SetConfig    stm32f1xx_hal_uart.o
    0x08003910   0x08003910   0x00000044   Code   RO         4070    i.UART_Setinit      usart.o
    0x08003954   0x08003954   0x00000036   Code   RO         2997    i.UART_Start_Receive_IT  stm32f1xx_hal_uart.o
    0x0800398a   0x0800398a   0x00000070   Code   RO         2998    i.UART_WaitOnFlagUntilTimeout  stm32f1xx_hal_uart.o
    0x080039fa   0x080039fa   0x00000002   PAD
    0x080039fc   0x080039fc   0x0000000c   Code   RO         4071    i.USART1_IRQHandler  usart.o
    0x08003a08   0x08003a08   0x00000014   Code   RO         4072    i.USART1_send       usart.o
    0x08003a1c   0x08003a1c   0x0000000c   Code   RO         4073    i.USART2_IRQHandler  usart.o
    0x08003a28   0x08003a28   0x0000000c   Code   RO         4075    i.USART3_IRQHandler  usart.o
    0x08003a34   0x08003a34   0x0000000c   Code   RO         4077    i.Uart_Init         usart.o
    0x08003a40   0x08003a40   0x00000002   Code   RO          228    i.UsageFault_Handler  stm32f1xx_it.o
    0x08003a42   0x08003a42   0x00000002   PAD
    0x08003a44   0x08003a44   0x000000a4   Code   RO         4461    i.UsartReceive      esp8266.o
    0x08003ae8   0x08003ae8   0x000000a8   Code   RO         4462    i.UsartSendReceiveData  esp8266.o
    0x08003b90   0x08003b90   0x0000008e   Code   RO         3876    i.Wavefiltering1    algo.o
    0x08003c1e   0x08003c1e   0x00000002   PAD
    0x08003c20   0x08003c20   0x00000020   Code   RO         4203    i.WriteCmd          sd1306.o
    0x08003c40   0x08003c40   0x00000020   Code   RO         4204    i.WriteDat          sd1306.o
    0x08003c60   0x08003c60   0x00000028   Code   RO         4778    i.__0sprintf        mc_w.l(printfa.o)
    0x08003c88   0x08003c88   0x00000020   Code   RO         1127    i.__NVIC_SetPriority  stm32f1xx_hal_cortex.o
    0x08003ca8   0x08003ca8   0x00000008   Code   RO         4875    i.__aeabi_errno_addr  mc_w.l(errno.o)
    0x08003cb0   0x08003cb0   0x0000000e   Code   RO         4941    i.__scatterload_copy  mc_w.l(handlers.o)
    0x08003cbe   0x08003cbe   0x00000002   Code   RO         4942    i.__scatterload_null  mc_w.l(handlers.o)
    0x08003cc0   0x08003cc0   0x0000000e   Code   RO         4943    i.__scatterload_zeroinit  mc_w.l(handlers.o)
    0x08003cce   0x08003cce   0x00000002   PAD
    0x08003cd0   0x08003cd0   0x00000184   Code   RO         4783    i._fp_digits        mc_w.l(printfa.o)
    0x08003e54   0x08003e54   0x000006dc   Code   RO         4784    i._printf_core      mc_w.l(printfa.o)
    0x08004530   0x08004530   0x00000024   Code   RO         4785    i._printf_post_padding  mc_w.l(printfa.o)
    0x08004554   0x08004554   0x0000002e   Code   RO         4786    i._printf_pre_padding  mc_w.l(printfa.o)
    0x08004582   0x08004582   0x0000000a   Code   RO         4788    i._sputc            mc_w.l(printfa.o)
    0x0800458c   0x0800458c   0x0000005c   Code   RO         3984    i.addnum            keypad.o
    0x080045e8   0x080045e8   0x00000014   Code   RO         3781    i.delay_init        delay.o
    0x080045fc   0x080045fc   0x0000001a   Code   RO         3782    i.delay_ms          delay.o
    0x08004616   0x08004616   0x00000030   Code   RO         3783    i.delay_us          delay.o
    0x08004646   0x08004646   0x00000002   PAD
    0x08004648   0x08004648   0x000000cc   Code   RO         3985    i.key_scan          keypad.o
    0x08004714   0x08004714   0x0000005c   Code   RO           14    i.main              main.o
    0x08004770   0x08004770   0x000000a8   Code   RO         3986    i.redycenum         keypad.o
    0x08004818   0x08004818   0x00000010   Code   RO         3388    i.sd1306sSCLHi      iic.o
    0x08004828   0x08004828   0x00000010   Code   RO         3389    i.sd1306sSCLLo      iic.o
    0x08004838   0x08004838   0x00000010   Code   RO         3390    i.sd1306sSDAHi      iic.o
    0x08004848   0x08004848   0x00000010   Code   RO         3391    i.sd1306sSDAIn      iic.o
    0x08004858   0x08004858   0x00000010   Code   RO         3392    i.sd1306sSDALo      iic.o
    0x08004868   0x08004868   0x00000034   Code   RO         3584    i.spi1_set_speed    spi.o
    0x0800489c   0x0800489c   0x00000034   Code   RO         3586    i.spi2_set_speed    spi.o
    0x080048d0   0x080048d0   0x00000012   Data   RO          825    .constdata          stm32f1xx_hal_rcc.o
    0x080048e2   0x080048e2   0x00000012   Data   RO          917    .constdata          stm32f1xx_hal_rcc_ex.o
    0x080048f4   0x080048f4   0x00000010   Data   RO         3304    .constdata          system_stm32f1xx.o
    0x08004904   0x08004904   0x00000008   Data   RO         3305    .constdata          system_stm32f1xx.o
    0x0800490c   0x0800490c   0x00000818   Data   RO         4206    .constdata          sd1306.o
    0x08005124   0x08005124   0x00000081   Data   RO         4905    .constdata          mc_w.l(ctype_o.o)
    0x080051a5   0x080051a5   0x00000003   PAD
    0x080051a8   0x080051a8   0x00000004   Data   RO         4906    .constdata          mc_w.l(ctype_o.o)
    0x080051ac   0x080051ac   0x00000020   Data   RO         4939    Region$$Table       anon$$obj.o


    Execution Region RW_IRAM1 (Exec base: 0x20000000, Load base: 0x080051cc, Size: 0x00001bf8, Max: 0x00005000, ABSOLUTE, COMPRESSED[0x00000194])

    Exec Addr    Load Addr    Size         Type   Attr      Idx    E Section Name        Object

    0x20000000   COMPRESSED   0x0000000c   Data   RW          662    .data               stm32f1xx_hal.o
    0x2000000c   COMPRESSED   0x00000004   Data   RW         3306    .data               system_stm32f1xx.o
    0x20000010   COMPRESSED   0x00000004   Data   RW         3666    .data               timer.o
    0x20000014   COMPRESSED   0x00000004   Data   RW         3784    .data               delay.o
    0x20000018   COMPRESSED   0x0000001c   Data   RW         3989    .data               keypad.o
    0x20000034   COMPRESSED   0x00000004   Data   RW         4082    .data               usart.o
    0x20000038   COMPRESSED   0x00000740   Data   RW         4207    .data               sd1306.o
    0x20000778   COMPRESSED   0x0000000c   Data   RW         4322    .data               ina219.o
    0x20000784   COMPRESSED   0x00000006   Data   RW         4463    .data               esp8266.o
    0x2000078a   COMPRESSED   0x00000002   PAD
    0x2000078c   COMPRESSED   0x00000004   Data   RW         4878    .data               mc_w.l(errno.o)
    0x20000790        -       0x00000060   Zero   RW         3529    .bss                adc.o
    0x200007f0        -       0x00000108   Zero   RW         3588    .bss                spi.o
    0x200008f8        -       0x00000120   Zero   RW         3661    .bss                timer.o
    0x20000a18        -       0x00000010   Zero   RW         3987    .bss                keypad.o
    0x20000a28        -       0x000006d8   Zero   RW         4079    .bss                usart.o
    0x20001100        -       0x00000014   Zero   RW         4205    .bss                sd1306.o
    0x20001114        -       0x00000014   Zero   RW         4320    .bss                ina219.o
    0x20001128        -       0x000000cc   Zero   RW         4428    .bss                volme.o
    0x200011f4   COMPRESSED   0x00000004   PAD
    0x200011f8        -       0x00000a00   Zero   RW            1    STACK               startup_stm32f103xb.o


==============================================================================

Image component sizes


      Code (inc. data)   RO Data    RW Data    ZI Data      Debug   Object Name

       296         34          0          0         96       2557   adc.o
       142          0          0          0          0       1381   algo.o
        94          4          0          4          0       2027   delay.o
       862        244          0          6          0       7471   esp8266.o
      1372        114          0          0          0      13372   iic.o
       208         20          0         12         20       6924   ina219.o
       298         26          0          0          0       2805   init.o
      1412        126          0         28         16       6837   keypad.o
        96          0          0          0          0     456855   main.o
       668         22       2072       1856         20       6436   sd1306.o
       460         42          0          0        264       3682   spi.o
        36          8        236          0       2560        824   startup_stm32f103xb.o
       164         28          0         12          0       6261   stm32f1xx_hal.o
      1254         54          0          0          0       6940   stm32f1xx_hal_adc.o
       216          6          0          0          0       1550   stm32f1xx_hal_adc_ex.o
       222         14          0          0          0      29821   stm32f1xx_hal_cortex.o
       222          4          0          0          0       1903   stm32f1xx_hal_dma.o
       480         34          0          0          0       3651   stm32f1xx_hal_gpio.o
        60          8          0          0          0        974   stm32f1xx_hal_msp.o
      1244         84         18          0          0       5528   stm32f1xx_hal_rcc.o
       396         28         18          0          0       2693   stm32f1xx_hal_rcc_ex.o
       178          0          0          0          0       1247   stm32f1xx_hal_spi.o
       658         24          0          0          0       7840   stm32f1xx_hal_tim.o
         4          0          0          0          0       1761   stm32f1xx_hal_tim_ex.o
      1552         10          0          0          0      11668   stm32f1xx_hal_uart.o
        20          0          0          0          0       4274   stm32f1xx_it.o
       114          0          0          0          0        721   sys.o
         2          0         24          4          0       1251   system_stm32f1xx.o
       344         48          0          4        288       5262   timer.o
       320         64          0          4       1752       7432   usart.o
        76         14          0          0        204        888   volme.o

    ----------------------------------------------------------------------
     13506       1060       2400       1932       5224     612836   Object Totals
         0          0         32          0          0          0   (incl. Generated)
        36          0          0          2          4          0   (incl. Padding)

    ----------------------------------------------------------------------

      Code (inc. data)   RO Data    RW Data    ZI Data      Debug   Library Member Name

        86          0          0          0          0          0   __dczerorl2.o
        28          0          0          0          0         68   _chval.o
       158          0          0          0          0         92   _strtoul.o
        26          0          0          0          0         80   atoi.o
         8          4        133          0          0         68   ctype_o.o
         0          0          0          0          0          0   entry.o
         0          0          0          0          0          0   entry10a.o
         0          0          0          0          0          0   entry11a.o
         8          4          0          0          0          0   entry2.o
         4          0          0          0          0          0   entry5.o
         0          0          0          0          0          0   entry7b.o
         0          0          0          0          0          0   entry8b.o
         8          4          0          0          0          0   entry9a.o
         8          4          0          4          0         68   errno.o
        30          0          0          0          0          0   handlers.o
        36          8          0          0          0         68   init.o
         0          0          0          0          0          0   iusefp.o
        30          0          0          0          0         68   llshl.o
        36          0          0          0          0         68   llsshr.o
        32          0          0          0          0         68   llushr.o
        36          0          0          0          0         68   memcpya.o
        36          0          0          0          0        108   memseta.o
      2276         86          0          0          0        520   printfa.o
        20          0          0          0          0         68   strchr.o
        14          0          0          0          0         68   strlen.o
        36          0          0          0          0         80   strstr.o
       112          0          0          0          0         88   strtol.o
        44          0          0          0          0         80   uidiv.o
        98          0          0          0          0         92   uldiv.o
        48          0          0          0          0         68   cdrcmple.o
        20          0          0          0          0         68   cfcmple.o
        20          0          0          0          0         68   cfrcmple.o
       334          0          0          0          0        148   dadd.o
       222          0          0          0          0        100   ddiv.o
       186          0          0          0          0        176   depilogue.o
        48          0          0          0          0         68   dfixul.o
       228          0          0          0          0         96   dmul.o
        38          0          0          0          0         68   f2d.o
       176          0          0          0          0        140   fadd.o
       124          0          0          0          0         88   fdiv.o
       110          0          0          0          0        168   fepilogue.o
        40          0          0          0          0         68   ffixui.o
        18          0          0          0          0         68   fflti.o
        10          0          0          0          0         68   ffltui.o
       100          0          0          0          0         76   fmul.o

    ----------------------------------------------------------------------
      4898        110        136          4          0       3356   Library Totals
         6          0          3          0          0          0   (incl. Padding)

    ----------------------------------------------------------------------

      Code (inc. data)   RO Data    RW Data    ZI Data      Debug   Library Name

      3170        110        133          4          0       1820   mc_w.l
      1722          0          0          0          0       1536   mf_w.l

    ----------------------------------------------------------------------
      4898        110        136          4          0       3356   Library Totals

    ----------------------------------------------------------------------

==============================================================================


      Code (inc. data)   RO Data    RW Data    ZI Data      Debug   

     18404       1170       2536       1936       5224     606544   Grand Totals
     18404       1170       2536        404       5224     606544   ELF Image Totals (compressed)
     18404       1170       2536        404          0          0   ROM Totals

==============================================================================

    Total RO  Size (Code + RO Data)                20940 (  20.45kB)
    Total RW  Size (RW Data + ZI Data)              7160 (   6.99kB)
    Total ROM Size (Code + RO Data + RW Data)      21344 (  20.84kB)

==============================================================================

