<html>
<body>
<pre>
<h1>礦ision Build Log</h1>
<h2>Tool Versions:</h2>
IDE-Version: μVision V5.25.2.0
Copyright (C) 2018 ARM Ltd and ARM Germany GmbH. All rights reserved.
License Information: l bc, 1, LIC=----
 
Tool Versions:
Toolchain:       MDK-Lite  Version: 5.25.2.0
Toolchain Path:  D:\Keil_MDK\ARM\ARMCC\bin\
C Compiler:      Armcc.exe V5.06 update 6 (build 750)
Assembler:       Armasm.exe V5.06 update 6 (build 750)
Linker/Locator:  ArmLink.exe V5.06 update 6 (build 750)
Library Manager: ArmAr.exe V5.06 update 6 (build 750)
Hex Converter:   FromElf.exe V5.06 update 6 (build 750)
CPU DLL:         SARMCM3.DLL V5.25.2.0
Dialog DLL:      DCM.DLL V1.17.1.0
Target DLL:      STLink\ST-LINKIII-KEIL_SWO.dll V3.0.1.0
Dialog DLL:      TCM.DLL V1.35.1.0
 
<h2>Project:</h2>
D:\桌面\版本6电压＋电流＋功率＋报警＋过载保护＋WIFI\1. 程序\Demo_f103C8T6\MDK-ARM\Demo_f103C8T6.uvprojx
Project File Date:  12/07/2025

<h2>Output:</h2>
*** Using Compiler '', folder: 'D:\Keil_MDK\ARM\ARMCC\bin\'
Build target 'Demo_f103C8T6'
assembling startup_stm32f103xb.s...
compiling stm32f1xx_hal_gpio_ex.c...
compiling stm32f1xx_hal_adc_ex.c...
compiling stm32f1xx_hal.c...
compiling stm32f1xx_hal_cortex.c...
compiling stm32f1xx_hal_adc.c...
compiling stm32f1xx_hal_rcc_ex.c...
compiling stm32f1xx_hal_gpio.c...
compiling stm32f1xx_hal_flash.c...
compiling stm32f1xx_hal_pwr.c...
compiling stm32f1xx_hal_dma.c...
compiling stm32f1xx_hal_msp.c...
compiling main.c...
../Core/Src/main.c(32): warning:  #177-D: variable "display_str"  was declared but never referenced
  		char display_str[16];
../Core/Src/main.c: 1 warning, 0 errors
compiling stm32f1xx_hal_rcc.c...
compiling stm32f1xx_it.c...
compiling stm32f1xx_hal_exti.c...
compiling stm32f1xx_hal_iwdg.c...
compiling stm32f1xx_hal_flash_ex.c...
compiling system_stm32f1xx.c...
compiling stm32f1xx_hal_spi.c...
compiling stm32f1xx_hal_tim_ex.c...
compiling adc.c...
compiling stm32f1xx_hal_uart.c...
compiling Sys.c...
compiling Spi.c...
compiling iic.c...
..\system\Iic\iic.c(643): warning:  #177-D: variable "x"  was declared but never referenced
  	  uint8_t x  = 0; 
..\system\Iic\iic.c: 1 warning, 0 errors
compiling timer.c...
..\system\timer\timer.c(65): warning:  #177-D: variable "sSlaveConfig"  was declared but never referenced
    TIM_SlaveConfigTypeDef sSlaveConfig = {0};
..\system\timer\timer.c(66): warning:  #177-D: variable "sMasterConfig"  was declared but never referenced
    TIM_MasterConfigTypeDef sMasterConfig = {0};
..\system\timer\timer.c(155): warning:  #177-D: variable "GPIO_Initure"  was declared but never referenced
  	GPIO_InitTypeDef GPIO_Initure;
..\system\timer\timer.c: 3 warnings, 0 errors
compiling wdg.c...
compiling stm32f1xx_hal_tim.c...
compiling delay.c...
..\system\Delay\delay.c(5): warning:  #550-D: variable "fac_us"  was set but never used
  static u32 fac_us=0;							//us延时倍乘数
..\system\Delay\delay.c: 1 warning, 0 errors
compiling init.c...
..\system\init\init.c(150): warning:  #1-D: last line of file ends without a newline
  }	
..\system\init\init.c: 1 warning, 0 errors
compiling flash.c...
compiling algo.c...
compiling keypad.c...
..\system\keypad\keypad.c(275): warning:  #177-D: variable "i"  was declared but never referenced
  	u8 i;
..\system\keypad\keypad.c(291): warning:  #177-D: variable "i"  was declared but never referenced
  	u8 i;
..\system\keypad\keypad.c: 2 warnings, 0 errors
compiling volme.c...
compiling esp8266.c...
..\Hardware\esp8266\esp8266.c(38): warning:  #550-D: variable "dataPtr"  was set but never used
  	unsigned char *dataPtr = NULL;
..\Hardware\esp8266\esp8266.c(40): warning:  #177-D: variable "setValue"  was declared but never referenced
  	int setValue = 0;
..\Hardware\esp8266\esp8266.c(66): warning:  #177-D: variable "SEND_BUF"  was declared but never referenced
  	char SEND_BUF[250];
..\Hardware\esp8266\esp8266.c: 3 warnings, 0 errors
compiling usart.c...
..\system\Usart\usart.c(516): warning:  #177-D: function "MX_USART1_UART_Init"  was declared but never referenced
  static void MX_USART1_UART_Init(void)
..\system\Usart\usart.c(538): warning:  #177-D: function "MX_USART2_UART_Init"  was declared but never referenced
  static void MX_USART2_UART_Init(void)
..\system\Usart\usart.c: 2 warnings, 0 errors
compiling SD1306.c...
compiling Ina219.c...
..\Hardware\Ina219\Ina219.c(83): warning:  #550-D: variable "result1"  was set but never used
  	  uint16_t result = 0,result1 = 0;  
..\Hardware\Ina219\Ina219.c(93): warning:  #550-D: variable "result1"  was set but never used
  	  uint16_t result = 0,result1 = 0;  
..\Hardware\Ina219\Ina219.c(123): warning:  #111-D: statement is unreachable
  __NOP();
..\Hardware\Ina219\Ina219.c(108): warning:  #550-D: variable "result_f"  was set but never used
    float result_f = 0;
..\Hardware\Ina219\Ina219.c(143): warning:  #177-D: variable "regAddr"  was declared but never referenced
  		uint8_t regAddr[2]={0,0};
..\Hardware\Ina219\Ina219.c(272): warning:  #550-D: variable "vbus"  was set but never used
  	uint16_t vbus,vshunt,current,watt;
..\Hardware\Ina219\Ina219.c(272): warning:  #550-D: variable "vshunt"  was set but never used
  	uint16_t vbus,vshunt,current,watt;
..\Hardware\Ina219\Ina219.c(272): warning:  #550-D: variable "current"  was set but never used
  	uint16_t vbus,vshunt,current,watt;
..\Hardware\Ina219\Ina219.c(272): warning:  #550-D: variable "watt"  was set but never used
  	uint16_t vbus,vshunt,current,watt;
..\Hardware\Ina219\Ina219.c: 9 warnings, 0 errors
linking...
Program Size: Code=18404 RO-data=2536 RW-data=1936 ZI-data=5224  
FromELF: creating hex file...
".\Demo_f103C8T6.axf" - 0 Error(s), 23 Warning(s).

<h2>Software Packages used:</h2>

Package Vendor: ARM
                http://www.keil.com/pack/ARM.CMSIS.5.3.0.pack
                ARM.CMSIS.5.3.0
                CMSIS (Cortex Microcontroller Software Interface Standard)
   * Component: CORE Version: 5.1.1

Package Vendor: Keil
                https://www.keil.com/pack/Keil.STM32F1xx_DFP.2.4.1.pack
                Keil.STM32F1xx_DFP.2.4.1
                STMicroelectronics STM32F1 Series Device Support, Drivers and Examples

<h2>Collection of Component include folders:</h2>
  .\RTE\_Demo_f103C8T6
  D:\Keil_MDK\Pack\ARM\CMSIS\5.3.0\CMSIS\Include
  D:\Keil_MDK\Pack\Keil\STM32F1xx_DFP\2.4.1\Device\Include

<h2>Collection of Component Files used:</h2>

   * Component: ARM::CMSIS:CORE:5.1.1
Build Time Elapsed:  00:00:11
</pre>
</body>
</html>
